Archive member included to satisfy reference by file (symbol)

/usr/lib/gcc/arm-none-eabi/13.2.1/thumb/v6-m/nofp/libgcc.a(_dvmd_tls.o)
                              CMakeFiles/main.dir/home/gokul/pico-sdk/src/rp2_common/pico_divider/divider_hardware.S.o (__aeabi_idiv0)
/usr/lib/gcc/arm-none-eabi/13.2.1/../../../arm-none-eabi/lib/thumb/v6-m/nofp/libg.a(libc_a-calloc.o)
                              CMakeFiles/main.dir/home/gokul/pico-sdk/src/rp2_common/pico_malloc/malloc.c.o (calloc)
/usr/lib/gcc/arm-none-eabi/13.2.1/../../../arm-none-eabi/lib/thumb/v6-m/nofp/libg.a(libc_a-impure.o)
                              /usr/lib/gcc/arm-none-eabi/13.2.1/../../../arm-none-eabi/lib/thumb/v6-m/nofp/libg.a(libc_a-calloc.o) (_impure_ptr)
/usr/lib/gcc/arm-none-eabi/13.2.1/../../../arm-none-eabi/lib/thumb/v6-m/nofp/libg.a(libc_a-callocr.o)
                              /usr/lib/gcc/arm-none-eabi/13.2.1/../../../arm-none-eabi/lib/thumb/v6-m/nofp/libg.a(libc_a-calloc.o) (_calloc_r)
/usr/lib/gcc/arm-none-eabi/13.2.1/../../../arm-none-eabi/lib/thumb/v6-m/nofp/libg.a(libc_a-realloc.o)
                              CMakeFiles/main.dir/home/gokul/pico-sdk/src/rp2_common/pico_malloc/malloc.c.o (realloc)
/usr/lib/gcc/arm-none-eabi/13.2.1/../../../arm-none-eabi/lib/thumb/v6-m/nofp/libg.a(libc_a-mallocr.o)
                              /usr/lib/gcc/arm-none-eabi/13.2.1/../../../arm-none-eabi/lib/thumb/v6-m/nofp/libg.a(libc_a-callocr.o) (_malloc_r)
/usr/lib/gcc/arm-none-eabi/13.2.1/../../../arm-none-eabi/lib/thumb/v6-m/nofp/libg.a(libc_a-freer.o)
                              /usr/lib/gcc/arm-none-eabi/13.2.1/../../../arm-none-eabi/lib/thumb/v6-m/nofp/libg.a(libc_a-mallocr.o) (_free_r)
/usr/lib/gcc/arm-none-eabi/13.2.1/../../../arm-none-eabi/lib/thumb/v6-m/nofp/libg.a(libc_a-memcmp.o)
                              CMakeFiles/main.dir/home/gokul/pico-sdk/src/rp2_common/pico_atomic/atomic.c.o (memcmp)
/usr/lib/gcc/arm-none-eabi/13.2.1/../../../arm-none-eabi/lib/thumb/v6-m/nofp/libg.a(libc_a-malloc.o)
                              CMakeFiles/main.dir/home/gokul/pico-sdk/src/rp2_common/pico_malloc/malloc.c.o (malloc)
/usr/lib/gcc/arm-none-eabi/13.2.1/../../../arm-none-eabi/lib/thumb/v6-m/nofp/libg.a(libc_a-sysconf.o)
                              /usr/lib/gcc/arm-none-eabi/13.2.1/../../../arm-none-eabi/lib/thumb/v6-m/nofp/libg.a(libc_a-mallocr.o) (sysconf)
/usr/lib/gcc/arm-none-eabi/13.2.1/../../../arm-none-eabi/lib/thumb/v6-m/nofp/libg.a(libc_a-init.o)
                              /usr/lib/gcc/arm-none-eabi/13.2.1/../../../arm-none-eabi/lib/thumb/v6-m/nofp/crt0.o (__libc_init_array)
/usr/lib/gcc/arm-none-eabi/13.2.1/../../../arm-none-eabi/lib/thumb/v6-m/nofp/libg.a(libc_a-reallocr.o)
                              /usr/lib/gcc/arm-none-eabi/13.2.1/../../../arm-none-eabi/lib/thumb/v6-m/nofp/libg.a(libc_a-realloc.o) (_realloc_r)
/usr/lib/gcc/arm-none-eabi/13.2.1/../../../arm-none-eabi/lib/thumb/v6-m/nofp/libg.a(libc_a-mktime.o)
                              CMakeFiles/main.dir/home/gokul/pico-sdk/src/common/pico_util/datetime.c.o (mktime)
/usr/lib/gcc/arm-none-eabi/13.2.1/../../../arm-none-eabi/lib/thumb/v6-m/nofp/libg.a(libc_a-mlock.o)
                              /usr/lib/gcc/arm-none-eabi/13.2.1/../../../arm-none-eabi/lib/thumb/v6-m/nofp/libg.a(libc_a-mallocr.o) (__malloc_lock)
/usr/lib/gcc/arm-none-eabi/13.2.1/../../../arm-none-eabi/lib/thumb/v6-m/nofp/libg.a(libc_a-findfp.o)
                              /usr/lib/gcc/arm-none-eabi/13.2.1/../../../arm-none-eabi/lib/thumb/v6-m/nofp/libg.a(libc_a-impure.o) (__sf)
/usr/lib/gcc/arm-none-eabi/13.2.1/../../../arm-none-eabi/lib/thumb/v6-m/nofp/libg.a(libc_a-tzlock.o)
                              /usr/lib/gcc/arm-none-eabi/13.2.1/../../../arm-none-eabi/lib/thumb/v6-m/nofp/libg.a(libc_a-mktime.o) (__tz_lock)
/usr/lib/gcc/arm-none-eabi/13.2.1/../../../arm-none-eabi/lib/thumb/v6-m/nofp/libg.a(libc_a-atexit.o)
                              /usr/lib/gcc/arm-none-eabi/13.2.1/../../../arm-none-eabi/lib/thumb/v6-m/nofp/crt0.o (atexit)
/usr/lib/gcc/arm-none-eabi/13.2.1/../../../arm-none-eabi/lib/thumb/v6-m/nofp/libg.a(libc_a-lcltime_r.o)
                              CMakeFiles/main.dir/home/gokul/pico-sdk/src/common/pico_util/datetime.c.o (localtime_r)
/usr/lib/gcc/arm-none-eabi/13.2.1/../../../arm-none-eabi/lib/thumb/v6-m/nofp/libg.a(libc_a-strlen-stub.o)
                              CMakeFiles/main.dir/home/gokul/pico-sdk/src/rp2_common/pico_stdio/stdio.c.o (strlen)
/usr/lib/gcc/arm-none-eabi/13.2.1/../../../arm-none-eabi/lib/thumb/v6-m/nofp/libg.a(libc_a-sbrkr.o)
                              /usr/lib/gcc/arm-none-eabi/13.2.1/../../../arm-none-eabi/lib/thumb/v6-m/nofp/libg.a(libc_a-mallocr.o) (_sbrk_r)
/usr/lib/gcc/arm-none-eabi/13.2.1/../../../arm-none-eabi/lib/thumb/v6-m/nofp/libg.a(libc_a-fini.o)
                              /usr/lib/gcc/arm-none-eabi/13.2.1/../../../arm-none-eabi/lib/thumb/v6-m/nofp/crt0.o (__libc_fini_array)
[...]
Memory Configuration

Name             Origin             Length             Attributes
FLASH            0x10000000         0x00200000         xr
RAM              0x20000000         0x00040000         xrw
SCRATCH_X        0x20040000         0x00001000         xrw
SCRATCH_Y        0x20041000         0x00001000         xrw
*default*        0x00000000         0xffffffff

Linker script and memory map

LOAD /usr/lib/gcc/arm-none-eabi/13.2.1/thumb/v6-m/nofp/crti.o
LOAD /usr/lib/gcc/arm-none-eabi/13.2.1/thumb/v6-m/nofp/crtbegin.o
LOAD /usr/lib/gcc/arm-none-eabi/13.2.1/../../../arm-none-eabi/lib/thumb/v6-m/nofp/crt0.o

.flash_begin    0x10000000        0x0
                0x10000000                        __flash_binary_start = .

.boot2          0x10000000      0x100
                0x10000000                        __boot2_start__ = .
 *(.boot2)
 .boot2         0x10000000      0x100 pico-sdk/src/rp2040/boot_stage2/CMakeFiles/bs2_default_library.dir/bs2_default_padded_checksummed.S.o
                0x10000100                        __boot2_end__ = .
                0x00000001                        ASSERT (((__boot2_end__ - __boot2_start__) == 0x100), ERROR: Pico second stage bootloader must be 256 bytes in size)

.text           0x10000100     0x6a98
                0x10000100                        __logical_binary_start = .
 *(.vectors)
 .vectors       0x10000100       0xd4 CMakeFiles/main.dir/home/gokul/pico-sdk/src/rp2_common/pico_crt0/crt0.S.o
                0x10000100                __vectors
                0x10000100                __VECTOR_TABLE
                0x100001c0                isr_irq30
                0x100001c0                __unhandled_user_irq
                0x100001c0                isr_irq13
                0x100001c0                isr_irq27
                0x100001c0                isr_irq31
                0x100001c0                isr_irq5
                0x100001c0                isr_irq11
                0x100001c0                isr_irq23
                0x100001c0                isr_irq18
                0x100001c0                isr_irq28
                0x100001c0                isr_irq19
                0x100001c0                isr_irq0
                0x100001c0                isr_irq6
                0x100001c0                isr_irq22
                0x100001c0                isr_irq17
                0x100001c0                isr_irq14
                0x100001c0                __vectors_end
                0x100001c0                __default_isrs_start
                0x100001c0                isr_irq2
                0x100001c0                isr_irq10
                0x100001c0                isr_irq8
                0x100001c0                isr_irq24
                0x100001c0                isr_irq1
                0x100001c0                isr_irq7
                0x100001c0                isr_irq21
                0x100001c0                isr_irq20
                0x100001c0                isr_irq15
                0x100001c0                isr_irq25
                0x100001c0                isr_irq4
                0x100001c0                isr_irq16
                0x100001c0                isr_irq29
                0x100001c0                isr_irq26
                0x100001c0                isr_irq3
                0x100001c0                isr_irq12
                0x100001c0                isr_irq9
                0x100001c6                unhandled_user_irq_num_in_r0
                0x100001c8                isr_invalid
                0x100001ca                isr_nmi
                0x100001cc                isr_hardfault
                0x100001d4                __default_isrs_end
 *(.binary_info_header)
 .binary_info_header
                0x100001d4       0x14 CMakeFiles/main.dir/home/gokul/pico-sdk/src/rp2_common/pico_crt0/crt0.S.o
                0x100001e8                        __binary_info_header_end = .
 *(.embedded_block)
                0x100001e8                        __embedded_block_end = .
 *(.reset)
 .reset         0x100001e8       0x9c CMakeFiles/main.dir/home/gokul/pico-sdk/src/rp2_common/pico_crt0/crt0.S.o
                0x100001e8                _entry_point
 *(.init)
 .init          0x10000284        0x4 /usr/lib/gcc/arm-none-eabi/13.2.1/thumb/v6-m/nofp/crti.o
                0x10000284                _init
 *(EXCLUDE_FILE(*libm.a: *libc.a:*lib_a-mem*.o *libgcc.a:) .text*)
 .text          0x10000288       0x98 /usr/lib/gcc/arm-none-eabi/13.2.1/thumb/v6-m/nofp/crtbegin.o
 .text.Task1    0x10000320       0x18 CMakeFiles/main.dir/src/main.c.o
                0x10000320                Task1
 .text.Task2    0x10000338       0x18 CMakeFiles/main.dir/src/main.c.o
                0x10000338                Task2
 .text.startup.main
                0x10000350       0x4c CMakeFiles/main.dir/src/main.c.o
                0x10000350                main
 .text.vListInitialise
                0x1000039c       0x18 CMakeFiles/main.dir/FreeRTOS-Kernel/list.c.o
                0x1000039c                vListInitialise
 .text.vListInitialiseItem
                0x100003b4        0x8 CMakeFiles/main.dir/FreeRTOS-Kernel/list.c.o
                0x100003b4                vListInitialiseItem
 .text.vListInsert
                0x100003bc       0x30 CMakeFiles/main.dir/FreeRTOS-Kernel/list.c.o
                0x100003bc                vListInsert
 .text.uxListRemove
                0x100003ec       0x20 CMakeFiles/main.dir/FreeRTOS-Kernel/list.c.o
                0x100003ec                uxListRemove
 .text.xQueueGenericCreate
                0x1000040c       0x9c CMakeFiles/main.dir/FreeRTOS-Kernel/queue.c.o
                0x1000040c                xQueueGenericCreate
 .text.xQueueReceive
                0x100004a8      0x2b4 CMakeFiles/main.dir/FreeRTOS-Kernel/queue.c.o
                0x100004a8                xQueueReceive
 .text.vQueueAddToRegistry
                0x1000075c      0x168 CMakeFiles/main.dir/FreeRTOS-Kernel/queue.c.o
                0x1000075c                vQueueAddToRegistry
 .text.vQueueWaitForMessageRestricted
                0x100008c4       0xd0 CMakeFiles/main.dir/FreeRTOS-Kernel/queue.c.o
                0x100008c4                vQueueWaitForMessageRestricted
 .text.prvAddNewTaskToReadyList
                0x10000994      0x120 CMakeFiles/main.dir/FreeRTOS-Kernel/tasks.c.o
 .text.prvCreateTask
                0x10000ab4      0x120 CMakeFiles/main.dir/FreeRTOS-Kernel/tasks.c.o
 .text.prvIdleTask
                0x10000bd4       0x60 CMakeFiles/main.dir/FreeRTOS-Kernel/tasks.c.o
 .text.xTaskIncrementTick.part.0
                0x10000c34      0x15c CMakeFiles/main.dir/FreeRTOS-Kernel/tasks.c.o
 .text.xTaskCreate
                0x10000d90       0x24 CMakeFiles/main.dir/FreeRTOS-Kernel/tasks.c.o
                0x10000d90                xTaskCreate
 .text.vTaskStartScheduler
                0x10000db4       0x74 CMakeFiles/main.dir/FreeRTOS-Kernel/tasks.c.o
                0x10000db4                vTaskStartScheduler
 .text.vTaskSuspendAll
                0x10000e28       0x10 CMakeFiles/main.dir/FreeRTOS-Kernel/tasks.c.o
                0x10000e28                vTaskSuspendAll
 .text.xTaskResumeAll
                0x10000e38      0x188 CMakeFiles/main.dir/FreeRTOS-Kernel/tasks.c.o
                0x10000e38                xTaskResumeAll
 .text.vTaskDelay
                0x10000fc0       0x7c CMakeFiles/main.dir/FreeRTOS-Kernel/tasks.c.o
                0x10000fc0                vTaskDelay
 .text.xTaskGetTickCount
                0x1000103c        0xc CMakeFiles/main.dir/FreeRTOS-Kernel/tasks.c.o
                0x1000103c                xTaskGetTickCount
 .text.xTaskIncrementTick
                0x10001048       0x24 CMakeFiles/main.dir/FreeRTOS-Kernel/tasks.c.o
                0x10001048                xTaskIncrementTick
 .text.vTaskSwitchContext
                0x1000106c       0xac CMakeFiles/main.dir/FreeRTOS-Kernel/tasks.c.o
                0x1000106c                vTaskSwitchContext
 .text.vTaskPlaceOnEventList
                0x10001118       0x98 CMakeFiles/main.dir/FreeRTOS-Kernel/tasks.c.o
                0x10001118                vTaskPlaceOnEventList
 .text.vTaskPlaceOnEventListRestricted
                0x100011b0       0xe4 CMakeFiles/main.dir/FreeRTOS-Kernel/tasks.c.o
                0x100011b0                vTaskPlaceOnEventListRestricted
 .text.xTaskRemoveFromEventList
                0x10001294       0xcc CMakeFiles/main.dir/FreeRTOS-Kernel/tasks.c.o
                0x10001294                xTaskRemoveFromEventList
 .text.vTaskInternalSetTimeOutState
                0x10001360       0x18 CMakeFiles/main.dir/FreeRTOS-Kernel/tasks.c.o
                0x10001360                vTaskInternalSetTimeOutState
 .text.xTaskCheckForTimeOut
                0x10001378       0x5c CMakeFiles/main.dir/FreeRTOS-Kernel/tasks.c.o
                0x10001378                xTaskCheckForTimeOut
 .text.vTaskMissedYield
                0x100013d4        0xc CMakeFiles/main.dir/FreeRTOS-Kernel/tasks.c.o
                0x100013d4                vTaskMissedYield
 .text.prvTimerTask
                0x100013e0      0x3a0 CMakeFiles/main.dir/FreeRTOS-Kernel/timers.c.o
 .text.xTimerCreateTimerTask
                0x10001780       0x88 CMakeFiles/main.dir/FreeRTOS-Kernel/timers.c.o
                0x10001780                xTimerCreateTimerTask
 .text.pvPortMalloc
                0x10001808       0x18 CMakeFiles/main.dir/FreeRTOS-Kernel/portable/MemMang/heap_3.c.o
                0x10001808                pvPortMalloc
 .text.vPortFree
                0x10001820       0x18 CMakeFiles/main.dir/FreeRTOS-Kernel/portable/MemMang/heap_3.c.o
                0x10001820                vPortFree
 *fill*         0x10001838        0x8 
 .text.vPortStartFirstTask
                0x10001840       0x34 CMakeFiles/main.dir/FreeRTOS-Kernel/portable/ThirdParty/GCC/RP2040/port.c.o
 *fill*         0x10001874        0xc 
 .text.isr_pendsv
                0x10001880       0x64 CMakeFiles/main.dir/FreeRTOS-Kernel/portable/ThirdParty/GCC/RP2040/port.c.o
                0x10001880                isr_pendsv
 .text.prvTaskExitError
                0x100018e4        0x8 CMakeFiles/main.dir/FreeRTOS-Kernel/portable/ThirdParty/GCC/RP2040/port.c.o
 .text.isr_svcall
                0x100018ec        0x4 CMakeFiles/main.dir/FreeRTOS-Kernel/portable/ThirdParty/GCC/RP2040/port.c.o
                0x100018ec                isr_svcall
 .text.pxPortInitialiseStack
                0x100018f0       0x20 CMakeFiles/main.dir/FreeRTOS-Kernel/portable/ThirdParty/GCC/RP2040/port.c.o
                0x100018f0                pxPortInitialiseStack
 .text.vPortYield
                0x10001910       0x18 CMakeFiles/main.dir/FreeRTOS-Kernel/portable/ThirdParty/GCC/RP2040/port.c.o
                0x10001910                vPortYield
 .text.vPortEnterCritical
                0x10001928       0x18 CMakeFiles/main.dir/FreeRTOS-Kernel/portable/ThirdParty/GCC/RP2040/port.c.o
                0x10001928                vPortEnterCritical
 .text.vPortExitCritical
                0x10001940       0x14 CMakeFiles/main.dir/FreeRTOS-Kernel/portable/ThirdParty/GCC/RP2040/port.c.o
                0x10001940                vPortExitCritical
 .text.ulSetInterruptMaskFromISR
                0x10001954        0x8 CMakeFiles/main.dir/FreeRTOS-Kernel/portable/ThirdParty/GCC/RP2040/port.c.o
                0x10001954                ulSetInterruptMaskFromISR
 .text.vClearInterruptMaskFromISR
                0x1000195c        0x8 CMakeFiles/main.dir/FreeRTOS-Kernel/portable/ThirdParty/GCC/RP2040/port.c.o
                0x1000195c                vClearInterruptMaskFromISR
 .text.isr_systick
                0x10001964       0x24 CMakeFiles/main.dir/FreeRTOS-Kernel/portable/ThirdParty/GCC/RP2040/port.c.o
                0x10001964                isr_systick
 .text.vPortSetupTimerInterrupt
                0x10001988       0x30 CMakeFiles/main.dir/FreeRTOS-Kernel/portable/ThirdParty/GCC/RP2040/port.c.o
                0x10001988                vPortSetupTimerInterrupt
 .text.xPortStartScheduler
                0x100019b8       0x5c CMakeFiles/main.dir/FreeRTOS-Kernel/portable/ThirdParty/GCC/RP2040/port.c.o
                0x100019b8                xPortStartScheduler
 .text.gpio_set_function
                0x10001a14       0x34 CMakeFiles/main.dir/home/gokul/pico-sdk/src/rp2_common/hardware_gpio/gpio.c.o
                0x10001a14                gpio_set_function
 .text.rp2040_chip_version
                0x10001a48        0xc CMakeFiles/main.dir/home/gokul/pico-sdk/src/rp2040/pico_platform/platform.c.o
                0x10001a48                rp2040_chip_version
 .text.panic    0x10001a54       0x30 CMakeFiles/main.dir/home/gokul/pico-sdk/src/rp2_common/pico_platform_panic/panic.c.o
                0x10001a54                panic
 .text.panic_unsupported
                0x10001a84        0xc CMakeFiles/main.dir/home/gokul/pico-sdk/src/rp2_common/pico_platform_panic/panic.c.o
                0x10001a84                panic_unsupported
 .text.hw_claim_or_assert
                0x10001a90       0x44 CMakeFiles/main.dir/home/gokul/pico-sdk/src/common/hardware_claim/claim.c.o
                0x10001a90                hw_claim_or_assert
 .text.hw_claim_unused_from_range
                0x10001ad4       0x9c CMakeFiles/main.dir/home/gokul/pico-sdk/src/common/hardware_claim/claim.c.o
                0x10001ad4                hw_claim_unused_from_range
 .text.next_striped_spin_lock_num
                0x10001b70       0x18 CMakeFiles/main.dir/home/gokul/pico-sdk/src/rp2_common/hardware_sync/sync.c.o
                0x10001b70                next_striped_spin_lock_num
 .text.spin_lock_claim_unused
                0x10001b88       0x24 CMakeFiles/main.dir/home/gokul/pico-sdk/src/rp2_common/hardware_sync/sync.c.o
                0x10001b88                spin_lock_claim_unused
 .text.spin_locks_reset
                0x10001bac       0x1c CMakeFiles/main.dir/home/gokul/pico-sdk/src/rp2_common/hardware_sync_spin_lock/sync_spin_lock.c.o
                0x10001bac                spin_locks_reset
 .text.runtime_init_per_core_irq_priorities
                0x10001bc8       0x24 CMakeFiles/main.dir/home/gokul/pico-sdk/src/rp2_common/hardware_irq/irq.c.o
                0x10001bc8                runtime_init_per_core_irq_priorities
 .text.irq_set_enabled
                0x10001bec       0x24 CMakeFiles/main.dir/home/gokul/pico-sdk/src/rp2_common/hardware_irq/irq.c.o
                0x10001bec                irq_set_enabled
 .text.irq_is_enabled
                0x10001c10       0x18 CMakeFiles/main.dir/home/gokul/pico-sdk/src/rp2_common/hardware_irq/irq.c.o
                0x10001c10                irq_is_enabled
 .text.irq_set_pending
                0x10001c28       0x10 CMakeFiles/main.dir/home/gokul/pico-sdk/src/rp2_common/hardware_irq/irq.c.o
                0x10001c28                irq_set_pending
 .text.irq_has_shared_handler
                0x10001c38       0x24 CMakeFiles/main.dir/home/gokul/pico-sdk/src/rp2_common/hardware_irq/irq.c.o
                0x10001c38                irq_has_shared_handler
 .text.irq_set_exclusive_handler
                0x10001c5c       0x54 CMakeFiles/main.dir/home/gokul/pico-sdk/src/rp2_common/hardware_irq/irq.c.o
                0x10001c5c                irq_set_exclusive_handler
 .text.irq_add_shared_handler
                0x10001cb0      0x1f4 CMakeFiles/main.dir/home/gokul/pico-sdk/src/rp2_common/hardware_irq/irq.c.o
                0x10001cb0                irq_add_shared_handler
 .text.irq_remove_handler
                0x10001ea4      0x1d4 CMakeFiles/main.dir/home/gokul/pico-sdk/src/rp2_common/hardware_irq/irq.c.o
                0x10001ea4                irq_remove_handler
 .text.irq_add_tail_to_free_list
                0x10002078       0xb4 CMakeFiles/main.dir/home/gokul/pico-sdk/src/rp2_common/hardware_irq/irq.c.o
                0x10002078                irq_add_tail_to_free_list
 .text.user_irq_claim_unused
                0x1000212c       0x2c CMakeFiles/main.dir/home/gokul/pico-sdk/src/rp2_common/hardware_irq/irq.c.o
                0x1000212c                user_irq_claim_unused
 .text.lock_init
                0x10002158       0x10 CMakeFiles/main.dir/home/gokul/pico-sdk/src/common/pico_sync/lock_core.c.o
                0x10002158                lock_init
 .text.runtime_init_mutex
                0x10002168       0x50 CMakeFiles/main.dir/home/gokul/pico-sdk/src/common/pico_sync/mutex.c.o
                0x10002168                runtime_init_mutex
 .text.mutex_init
                0x100021b8       0x1c CMakeFiles/main.dir/home/gokul/pico-sdk/src/common/pico_sync/mutex.c.o
                0x100021b8                mutex_init
 .text.critical_section_init
                0x100021d4       0x1c CMakeFiles/main.dir/home/gokul/pico-sdk/src/common/pico_sync/critical_section.c.o
                0x100021d4                critical_section_init
 .text.critical_section_init_with_lock_num
                0x100021f0       0x14 CMakeFiles/main.dir/home/gokul/pico-sdk/src/common/pico_sync/critical_section.c.o
                0x100021f0                critical_section_init_with_lock_num
 .text.sleep_until_callback
                0x10002204       0x30 CMakeFiles/main.dir/home/gokul/pico-sdk/src/common/pico_time/time.c.o
 .text.alarm_pool_irq_handler
                0x10002234      0x2fc CMakeFiles/main.dir/home/gokul/pico-sdk/src/common/pico_time/time.c.o
 .text.runtime_init_default_alarm_pool
                0x10002530       0xdc CMakeFiles/main.dir/home/gokul/pico-sdk/src/common/pico_time/time.c.o
                0x10002530                runtime_init_default_alarm_pool
 .text.alarm_pool_get_default
                0x1000260c        0x8 CMakeFiles/main.dir/home/gokul/pico-sdk/src/common/pico_time/time.c.o
                0x1000260c                alarm_pool_get_default
 .text.alarm_pool_add_alarm_at
                0x10002614       0xd4 CMakeFiles/main.dir/home/gokul/pico-sdk/src/common/pico_time/time.c.o
                0x10002614                alarm_pool_add_alarm_at
 .text.alarm_pool_add_alarm_at_force_in_context
                0x100026e8       0xb0 CMakeFiles/main.dir/home/gokul/pico-sdk/src/common/pico_time/time.c.o
                0x100026e8                alarm_pool_add_alarm_at_force_in_context
 .text.alarm_pool_cancel_alarm
                0x10002798       0x74 CMakeFiles/main.dir/home/gokul/pico-sdk/src/common/pico_time/time.c.o
                0x10002798                alarm_pool_cancel_alarm
 .text.alarm_pool_core_num
                0x1000280c        0x4 CMakeFiles/main.dir/home/gokul/pico-sdk/src/common/pico_time/time.c.o
                0x1000280c                alarm_pool_core_num
 .text.best_effort_wfe_or_timeout
                0x10002810       0xf8 CMakeFiles/main.dir/home/gokul/pico-sdk/src/common/pico_time/time.c.o
                0x10002810                best_effort_wfe_or_timeout
 .text.timer_hardware_alarm_claim
                0x10002908       0x14 CMakeFiles/main.dir/home/gokul/pico-sdk/src/rp2_common/hardware_timer/timer.c.o
                0x10002908                timer_hardware_alarm_claim
 .text.timer_time_us_64
                0x1000291c       0x10 CMakeFiles/main.dir/home/gokul/pico-sdk/src/rp2_common/hardware_timer/timer.c.o
                0x1000291c                timer_time_us_64
 .text.time_us_64
                0x1000292c       0x14 CMakeFiles/main.dir/home/gokul/pico-sdk/src/rp2_common/hardware_timer/timer.c.o
                0x1000292c                time_us_64
 .text.busy_wait_us
                0x10002940       0x68 CMakeFiles/main.dir/home/gokul/pico-sdk/src/rp2_common/hardware_timer/timer.c.o
                0x10002940                busy_wait_us
 .text.uart_init
                0x100029a8      0x120 CMakeFiles/main.dir/home/gokul/pico-sdk/src/rp2_common/hardware_uart/uart.c.o
                0x100029a8                uart_init
 .text.clock_configure_int_divider
                0x10002ac8       0xf4 CMakeFiles/main.dir/home/gokul/pico-sdk/src/rp2_common/hardware_clocks/clocks.c.o
                0x10002ac8                clock_configure_int_divider
 .text.clock_configure_undivided
                0x10002bbc       0xe8 CMakeFiles/main.dir/home/gokul/pico-sdk/src/rp2_common/hardware_clocks/clocks.c.o
                0x10002bbc                clock_configure_undivided
 .text.clock_get_hz
                0x10002ca4        0xc CMakeFiles/main.dir/home/gokul/pico-sdk/src/rp2_common/hardware_clocks/clocks.c.o
                0x10002ca4                clock_get_hz
 .text.pll_init
                0x10002cb0       0xa4 CMakeFiles/main.dir/home/gokul/pico-sdk/src/rp2_common/hardware_pll/pll.c.o
                0x10002cb0                pll_init
 .text.watchdog_reboot
                0x10002d54       0x9c CMakeFiles/main.dir/home/gokul/pico-sdk/src/rp2_common/hardware_watchdog/watchdog.c.o
                0x10002d54                watchdog_reboot
 .text.tick_start
                0x10002df0       0x10 CMakeFiles/main.dir/home/gokul/pico-sdk/src/rp2_common/hardware_ticks/ticks.c.o
                0x10002df0                tick_start
 .text.rom_func_lookup
                0x10002e00       0x10 CMakeFiles/main.dir/home/gokul/pico-sdk/src/rp2_common/pico_bootrom/bootrom.c.o
                0x10002e00                rom_func_lookup
 .text.rom_data_lookup
                0x10002e10       0x10 CMakeFiles/main.dir/home/gokul/pico-sdk/src/rp2_common/pico_bootrom/bootrom.c.o
                0x10002e10                rom_data_lookup
 .text.rom_funcs_lookup
                0x10002e20       0x44 CMakeFiles/main.dir/home/gokul/pico-sdk/src/rp2_common/pico_bootrom/bootrom.c.o
                0x10002e20                rom_funcs_lookup
 .text.rom_reset_usb_boot_extra
                0x10002e64       0x28 CMakeFiles/main.dir/home/gokul/pico-sdk/src/rp2_common/pico_bootrom/bootrom.c.o
                0x10002e64                rom_reset_usb_boot_extra
 .text.xosc_init
                0x10002e8c       0x28 CMakeFiles/main.dir/home/gokul/pico-sdk/src/rp2_common/hardware_xosc/xosc.c.o
                0x10002e8c                xosc_init
 .text.first_per_core_initializer
                0x10002eb4        0x4 CMakeFiles/main.dir/home/gokul/pico-sdk/src/rp2_common/pico_runtime/runtime.c.o
 .text.hard_assertion_failure
                0x10002eb8        0xc CMakeFiles/main.dir/home/gokul/pico-sdk/src/rp2_common/pico_runtime/runtime.c.o
                0x10002eb8                hard_assertion_failure
 .text.runtime_run_initializers
                0x10002ec4       0x28 CMakeFiles/main.dir/home/gokul/pico-sdk/src/rp2_common/pico_runtime/runtime.c.o
                0x10002ec4                runtime_run_initializers
 .text.runtime_init_early_resets
                0x10002eec       0x2c CMakeFiles/main.dir/home/gokul/pico-sdk/src/rp2_common/pico_runtime_init/runtime_init.c.o
                0x10002eec                runtime_init_early_resets
 .text.runtime_init_usb_power_down
                0x10002f18       0x1c CMakeFiles/main.dir/home/gokul/pico-sdk/src/rp2_common/pico_runtime_init/runtime_init.c.o
                0x10002f18                runtime_init_usb_power_down
 .text.runtime_init_post_clock_resets
                0x10002f34       0x20 CMakeFiles/main.dir/home/gokul/pico-sdk/src/rp2_common/pico_runtime_init/runtime_init.c.o
                0x10002f34                runtime_init_post_clock_resets
 .text.runtime_init_rp2040_gpio_ie_disable
                0x10002f54       0x14 CMakeFiles/main.dir/home/gokul/pico-sdk/src/rp2_common/pico_runtime_init/runtime_init.c.o
                0x10002f54                runtime_init_rp2040_gpio_ie_disable
 .text.runtime_init_spin_locks_reset
                0x10002f68        0x8 CMakeFiles/main.dir/home/gokul/pico-sdk/src/rp2_common/pico_runtime_init/runtime_init.c.o
                0x10002f68                runtime_init_spin_locks_reset
 .text.runtime_init_install_ram_vector_table
                0x10002f70       0xb4 CMakeFiles/main.dir/home/gokul/pico-sdk/src/rp2_common/pico_runtime_init/runtime_init.c.o
                0x10002f70                runtime_init_install_ram_vector_table
 .text.runtime_init_clocks
                0x10003024       0xd8 CMakeFiles/main.dir/home/gokul/pico-sdk/src/rp2_common/pico_runtime_init/runtime_init_clocks.c.o
                0x10003024                runtime_init_clocks
 .text          0x100030fc       0x10 CMakeFiles/main.dir/home/gokul/pico-sdk/src/rp2_common/pico_bit_ops/bit_ops_aeabi.S.o
 .text.__wrap___aeabi_uidiv
                0x1000310c       0x4c CMakeFiles/main.dir/home/gokul/pico-sdk/src/rp2_common/pico_divider/divider_hardware.S.o
                0x1000310c                __wrap___aeabi_uidiv
                0x1000310c                __wrap___aeabi_uidivmod
                0x1000310c                div_u32u32
                0x1000310c                divmod_u32u32
                0x10003114                divmod_u32u32_unsafe
                0x1000313c                divmod_u32u32_savestate
 .text.__aeabi_double_init
                0x10003158       0xa4 CMakeFiles/main.dir/home/gokul/pico-sdk/src/rp2_common/pico_double/double_init_rom_rp2040.c.o
                0x10003158                __aeabi_double_init
 .text.double_table_shim_on_use_helper
                0x100031fc       0x2c CMakeFiles/main.dir/home/gokul/pico-sdk/src/rp2_common/pico_double/double_v1_rom_shim_rp2040.S.o
                0x100031fc                double_table_shim_on_use_helper
 .text.__aeabi_lmul
                0x10003228       0x32 CMakeFiles/main.dir/home/gokul/pico-sdk/src/rp2_common/pico_int64_ops/pico_int64_ops_aeabi.S.o
                0x10003228                __wrap___aeabi_lmul
 *fill*         0x1000325a        0x2 
 .text.__aeabi_float_init
                0x1000325c       0x64 CMakeFiles/main.dir/home/gokul/pico-sdk/src/rp2_common/pico_float/float_init_rom_rp2040.c.o
                0x1000325c                __aeabi_float_init
 .text.float_table_shim_on_use_helper
                0x100032c0       0x2c CMakeFiles/main.dir/home/gokul/pico-sdk/src/rp2_common/pico_float/float_v1_rom_shim_rp2040.S.o
                0x100032c0                float_table_shim_on_use_helper
 .text.__wrap_malloc
                0x100032ec       0x24 CMakeFiles/main.dir/home/gokul/pico-sdk/src/rp2_common/pico_malloc/malloc.c.o
                0x100032ec                __wrap_malloc
 .text.__wrap_free
                0x10003310        0x8 CMakeFiles/main.dir/home/gokul/pico-sdk/src/rp2_common/pico_malloc/malloc.c.o
                0x10003310                __wrap_free
 .text          0x10003318       0x10 CMakeFiles/main.dir/home/gokul/pico-sdk/src/rp2_common/pico_mem_ops/mem_ops_aeabi.S.o
                0x10003318                __aeabi_mem_init
 .text.memset   0x10003328        0xc CMakeFiles/main.dir/home/gokul/pico-sdk/src/rp2_common/pico_mem_ops/mem_ops_aeabi.S.o
                0x10003328                __wrap_memset
 .text.memcpy   0x10003334        0xc CMakeFiles/main.dir/home/gokul/pico-sdk/src/rp2_common/pico_mem_ops/mem_ops_aeabi.S.o
                0x10003334                __wrap___aeabi_memcpy
                0x10003334                __wrap_memcpy
 .text._out_char
                0x10003340       0x10 CMakeFiles/main.dir/home/gokul/pico-sdk/src/rp2_common/pico_printf/printf.c.o
 .text.weak_raw_vprintf
                0x10003350       0x30 CMakeFiles/main.dir/home/gokul/pico-sdk/src/rp2_common/pico_printf/printf.c.o
                0x10003350                weak_raw_vprintf
 .text._exit    0x10003380        0x4 CMakeFiles/main.dir/home/gokul/pico-sdk/src/rp2_common/pico_clib_interface/newlib_interface.c.o
                0x10003380                _exit
 .text._sbrk    0x10003384       0x34 CMakeFiles/main.dir/home/gokul/pico-sdk/src/rp2_common/pico_clib_interface/newlib_interface.c.o
                0x10003384                _sbrk
 .text.exit     0x100033b8        0x8 CMakeFiles/main.dir/home/gokul/pico-sdk/src/rp2_common/pico_clib_interface/newlib_interface.c.o
                0x100033b8                exit
 .text.runtime_init
                0x100033c0       0x2c CMakeFiles/main.dir/home/gokul/pico-sdk/src/rp2_common/pico_clib_interface/newlib_interface.c.o
                0x100033c0                runtime_init
 .text.stdio_out_chars_no_crlf
                0x100033ec       0x10 CMakeFiles/main.dir/home/gokul/pico-sdk/src/rp2_common/pico_stdio/stdio.c.o
 .text.stdio_out_chars_crlf
                0x100033fc       0x94 CMakeFiles/main.dir/home/gokul/pico-sdk/src/rp2_common/pico_stdio/stdio.c.o
 .text.stdio_put_string
                0x10003490      0x100 CMakeFiles/main.dir/home/gokul/pico-sdk/src/rp2_common/pico_stdio/stdio.c.o
                0x10003490                stdio_put_string
 .text.stdio_set_driver_enabled
                0x10003590       0x30 CMakeFiles/main.dir/home/gokul/pico-sdk/src/rp2_common/pico_stdio/stdio.c.o
                0x10003590                stdio_set_driver_enabled
 .text.stdio_init_all
                0x100035c0       0x10 CMakeFiles/main.dir/home/gokul/pico-sdk/src/rp2_common/pico_stdio/stdio.c.o
                0x100035c0                stdio_init_all
 .text.__wrap_putchar
                0x100035d0       0x98 CMakeFiles/main.dir/home/gokul/pico-sdk/src/rp2_common/pico_stdio/stdio.c.o
                0x100035d0                stdio_putchar
                0x100035d0                __wrap_putchar
 .text.__wrap_puts
                0x10003668       0x3c CMakeFiles/main.dir/home/gokul/pico-sdk/src/rp2_common/pico_stdio/stdio.c.o
                0x10003668                __wrap_puts
                0x10003668                stdio_puts
 .text.stdio_uart_out_chars
                0x100036a4       0x4c CMakeFiles/main.dir/home/gokul/pico-sdk/src/rp2_common/pico_stdio_uart/stdio_uart.c.o
 .text.stdio_uart_in_chars
                0x100036f0       0x90 CMakeFiles/main.dir/home/gokul/pico-sdk/src/rp2_common/pico_stdio_uart/stdio_uart.c.o
                0x100036f0                stdio_uart_in_chars
 .text.on_uart_rx
                0x10003780       0x28 CMakeFiles/main.dir/home/gokul/pico-sdk/src/rp2_common/pico_stdio_uart/stdio_uart.c.o
 .text.stdio_uart_out_flush
                0x100037a8       0x14 CMakeFiles/main.dir/home/gokul/pico-sdk/src/rp2_common/pico_stdio_uart/stdio_uart.c.o
 .text.stdio_uart_set_chars_available_callback
                0x100037bc       0x84 CMakeFiles/main.dir/home/gokul/pico-sdk/src/rp2_common/pico_stdio_uart/stdio_uart.c.o
 .text.stdio_uart_init
                0x10003840       0x50 CMakeFiles/main.dir/home/gokul/pico-sdk/src/rp2_common/pico_stdio_uart/stdio_uart.c.o
                0x10003840                stdio_uart_init
 .text.resetd_init
                0x10003890        0x4 CMakeFiles/main.dir/home/gokul/pico-sdk/src/rp2_common/pico_stdio_usb/reset_interface.c.o
 .text.resetd_reset
                0x10003894        0xc CMakeFiles/main.dir/home/gokul/pico-sdk/src/rp2_common/pico_stdio_usb/reset_interface.c.o
 .text.resetd_open
                0x100038a0       0x28 CMakeFiles/main.dir/home/gokul/pico-sdk/src/rp2_common/pico_stdio_usb/reset_interface.c.o
 .text.resetd_xfer_cb
                0x100038c8        0x4 CMakeFiles/main.dir/home/gokul/pico-sdk/src/rp2_common/pico_stdio_usb/reset_interface.c.o
 .text.resetd_control_xfer_cb
                0x100038cc       0x5c CMakeFiles/main.dir/home/gokul/pico-sdk/src/rp2_common/pico_stdio_usb/reset_interface.c.o
 .text.tud_descriptor_bos_cb
                0x10003928        0x8 CMakeFiles/main.dir/home/gokul/pico-sdk/src/rp2_common/pico_stdio_usb/reset_interface.c.o
                0x10003928                tud_descriptor_bos_cb
 .text.tud_vendor_control_xfer_cb
                0x10003930       0x34 CMakeFiles/main.dir/home/gokul/pico-sdk/src/rp2_common/pico_stdio_usb/reset_interface.c.o
                0x10003930                tud_vendor_control_xfer_cb
 .text.usbd_app_driver_get_cb
                0x10003964        0xc CMakeFiles/main.dir/home/gokul/pico-sdk/src/rp2_common/pico_stdio_usb/reset_interface.c.o
                0x10003964                usbd_app_driver_get_cb
 .text.tud_cdc_line_coding_cb
                0x10003970       0x2c CMakeFiles/main.dir/home/gokul/pico-sdk/src/rp2_common/pico_stdio_usb/reset_interface.c.o
                0x10003970                tud_cdc_line_coding_cb
 .text.stdio_usb_set_chars_available_callback
                0x1000399c       0x14 CMakeFiles/main.dir/home/gokul/pico-sdk/src/rp2_common/pico_stdio_usb/stdio_usb.c.o
                0x1000399c                stdio_usb_set_chars_available_callback
 .text.usb_irq  0x100039b0       0x10 CMakeFiles/main.dir/home/gokul/pico-sdk/src/rp2_common/pico_stdio_usb/stdio_usb.c.o
 .text.timer_task
                0x100039c0       0x64 CMakeFiles/main.dir/home/gokul/pico-sdk/src/rp2_common/pico_stdio_usb/stdio_usb.c.o
 .text.stdio_usb_in_chars
                0x10003a24       0x90 CMakeFiles/main.dir/home/gokul/pico-sdk/src/rp2_common/pico_stdio_usb/stdio_usb.c.o
                0x10003a24                stdio_usb_in_chars
 .text.stdio_usb_out_flush
                0x10003ab4       0x50 CMakeFiles/main.dir/home/gokul/pico-sdk/src/rp2_common/pico_stdio_usb/stdio_usb.c.o
 .text.stdio_usb_out_chars
                0x10003b04      0x104 CMakeFiles/main.dir/home/gokul/pico-sdk/src/rp2_common/pico_stdio_usb/stdio_usb.c.o
 .text.low_priority_worker_irq
                0x10003c08       0xcc CMakeFiles/main.dir/home/gokul/pico-sdk/src/rp2_common/pico_stdio_usb/stdio_usb.c.o
 .text.stdio_usb_init
                0x10003cd4       0xec CMakeFiles/main.dir/home/gokul/pico-sdk/src/rp2_common/pico_stdio_usb/stdio_usb.c.o
                0x10003cd4                stdio_usb_init
 .text.tud_descriptor_device_cb
                0x10003dc0        0x8 CMakeFiles/main.dir/home/gokul/pico-sdk/src/rp2_common/pico_stdio_usb/stdio_usb_descriptors.c.o
                0x10003dc0                tud_descriptor_device_cb
 .text.tud_descriptor_configuration_cb
                0x10003dc8        0x8 CMakeFiles/main.dir/home/gokul/pico-sdk/src/rp2_common/pico_stdio_usb/stdio_usb_descriptors.c.o
                0x10003dc8                tud_descriptor_configuration_cb
 .text.tud_descriptor_string_cb
                0x10003dd0       0x78 CMakeFiles/main.dir/home/gokul/pico-sdk/src/rp2_common/pico_stdio_usb/stdio_usb_descriptors.c.o
                0x10003dd0                tud_descriptor_string_cb
 .text.startup._retrieve_unique_id_on_boot
                0x10003e48       0x10 CMakeFiles/main.dir/home/gokul/pico-sdk/src/rp2_common/pico_unique_id/unique_id.c.o
 .text.pico_get_unique_board_id_string
                0x10003e58      0x1a8 CMakeFiles/main.dir/home/gokul/pico-sdk/src/rp2_common/pico_unique_id/unique_id.c.o
                0x10003e58                pico_get_unique_board_id_string
 .text.flash_get_unique_id
                0x10004000       0x3c CMakeFiles/main.dir/home/gokul/pico-sdk/src/rp2_common/hardware_flash/flash.c.o
                0x10004000                flash_get_unique_id
 .text.dcd_init
                0x1000403c       0x90 CMakeFiles/main.dir/home/gokul/pico-sdk/lib/tinyusb/src/portable/raspberrypi/rp2040/dcd_rp2040.c.o
                0x1000403c                dcd_init
 .text.dcd_int_enable
                0x100040cc        0xc CMakeFiles/main.dir/home/gokul/pico-sdk/lib/tinyusb/src/portable/raspberrypi/rp2040/dcd_rp2040.c.o
                0x100040cc                dcd_int_enable
 .text.dcd_set_address
                0x100040d8       0x14 CMakeFiles/main.dir/home/gokul/pico-sdk/lib/tinyusb/src/portable/raspberrypi/rp2040/dcd_rp2040.c.o
                0x100040d8                dcd_set_address
 .text.dcd_sof_enable
                0x100040ec       0x1c CMakeFiles/main.dir/home/gokul/pico-sdk/lib/tinyusb/src/portable/raspberrypi/rp2040/dcd_rp2040.c.o
                0x100040ec                dcd_sof_enable
 .text.dcd_edpt0_status_complete
                0x10004108       0x1c CMakeFiles/main.dir/home/gokul/pico-sdk/lib/tinyusb/src/portable/raspberrypi/rp2040/dcd_rp2040.c.o
                0x10004108                dcd_edpt0_status_complete
 .text.dcd_edpt_open
                0x10004124      0x114 CMakeFiles/main.dir/home/gokul/pico-sdk/lib/tinyusb/src/portable/raspberrypi/rp2040/dcd_rp2040.c.o
                0x10004124                dcd_edpt_open
 .text.dcd_edpt_close_all
                0x10004238        0x8 CMakeFiles/main.dir/home/gokul/pico-sdk/lib/tinyusb/src/portable/raspberrypi/rp2040/dcd_rp2040.c.o
                0x10004238                dcd_edpt_close_all
 .text.dcd_edpt_xfer
                0x10004240       0x24 CMakeFiles/main.dir/home/gokul/pico-sdk/lib/tinyusb/src/portable/raspberrypi/rp2040/dcd_rp2040.c.o
                0x10004240                dcd_edpt_xfer
 .text.dcd_edpt_stall
                0x10004264       0x34 CMakeFiles/main.dir/home/gokul/pico-sdk/lib/tinyusb/src/portable/raspberrypi/rp2040/dcd_rp2040.c.o
                0x10004264                dcd_edpt_stall
 .text.dcd_edpt_clear_stall
                0x10004298       0x30 CMakeFiles/main.dir/home/gokul/pico-sdk/lib/tinyusb/src/portable/raspberrypi/rp2040/dcd_rp2040.c.o
                0x10004298                dcd_edpt_clear_stall
 .text.rp2040_usb_init
                0x100042c8       0x40 CMakeFiles/main.dir/home/gokul/pico-sdk/lib/tinyusb/src/portable/raspberrypi/rp2040/rp2040_usb.c.o
                0x100042c8                rp2040_usb_init
 .text.hw_endpoint_xfer_start
                0x10004308       0x40 CMakeFiles/main.dir/home/gokul/pico-sdk/lib/tinyusb/src/portable/raspberrypi/rp2040/rp2040_usb.c.o
                0x10004308                hw_endpoint_xfer_start
 .text.tud_event_hook_cb
                0x10004348        0x4 CMakeFiles/main.dir/home/gokul/pico-sdk/lib/tinyusb/src/device/usbd.c.o
                0x10004348                tud_event_hook_cb
 .text.tud_sof_cb
                0x1000434c        0x4 CMakeFiles/main.dir/home/gokul/pico-sdk/lib/tinyusb/src/device/usbd.c.o
                0x1000434c                tud_sof_cb
 .text.tud_descriptor_device_qualifier_cb
                0x10004350        0x4 CMakeFiles/main.dir/home/gokul/pico-sdk/lib/tinyusb/src/device/usbd.c.o
                0x10004350                tud_descriptor_device_qualifier_cb
 .text.tud_descriptor_other_speed_configuration_cb
                0x10004354        0x4 CMakeFiles/main.dir/home/gokul/pico-sdk/lib/tinyusb/src/device/usbd.c.o
                0x10004354                tud_descriptor_other_speed_configuration_cb
 .text.tud_mount_cb
                0x10004358        0x4 CMakeFiles/main.dir/home/gokul/pico-sdk/lib/tinyusb/src/device/usbd.c.o
                0x10004358                tud_mount_cb
 .text.tud_umount_cb
                0x1000435c        0x4 CMakeFiles/main.dir/home/gokul/pico-sdk/lib/tinyusb/src/device/usbd.c.o
                0x1000435c                tud_umount_cb
 .text.tud_suspend_cb
                0x10004360        0x4 CMakeFiles/main.dir/home/gokul/pico-sdk/lib/tinyusb/src/device/usbd.c.o
                0x10004360                tud_suspend_cb
 .text.tud_resume_cb
                0x10004364        0x4 CMakeFiles/main.dir/home/gokul/pico-sdk/lib/tinyusb/src/device/usbd.c.o
                0x10004364                tud_resume_cb
 .text.tud_mounted
                0x10004368       0x10 CMakeFiles/main.dir/home/gokul/pico-sdk/lib/tinyusb/src/device/usbd.c.o
                0x10004368                tud_mounted
 .text.tud_suspended
                0x10004378       0x10 CMakeFiles/main.dir/home/gokul/pico-sdk/lib/tinyusb/src/device/usbd.c.o
                0x10004378                tud_suspended
 .text.tud_rhport_init
                0x10004388       0xfc CMakeFiles/main.dir/home/gokul/pico-sdk/lib/tinyusb/src/device/usbd.c.o
                0x10004388                tud_rhport_init
 .text.tud_task_ext
                0x10004484      0x800 CMakeFiles/main.dir/home/gokul/pico-sdk/lib/tinyusb/src/device/usbd.c.o
                0x10004484                tud_task_ext
 .text.usbd_open_edpt_pair
                0x10004c84       0x9c CMakeFiles/main.dir/home/gokul/pico-sdk/lib/tinyusb/src/device/usbd.c.o
                0x10004c84                usbd_open_edpt_pair
 .text.usbd_edpt_open
                0x10004d20       0x34 CMakeFiles/main.dir/home/gokul/pico-sdk/lib/tinyusb/src/device/usbd.c.o
                0x10004d20                usbd_edpt_open
 .text.usbd_edpt_claim
                0x10004d54       0x28 CMakeFiles/main.dir/home/gokul/pico-sdk/lib/tinyusb/src/device/usbd.c.o
                0x10004d54                usbd_edpt_claim
 .text.usbd_edpt_release
                0x10004d7c       0x28 CMakeFiles/main.dir/home/gokul/pico-sdk/lib/tinyusb/src/device/usbd.c.o
                0x10004d7c                usbd_edpt_release
 .text.usbd_edpt_xfer
                0x10004da4       0x4c CMakeFiles/main.dir/home/gokul/pico-sdk/lib/tinyusb/src/device/usbd.c.o
                0x10004da4                usbd_edpt_xfer
 .text.tud_control_status
                0x10004df0       0x2c CMakeFiles/main.dir/home/gokul/pico-sdk/lib/tinyusb/src/device/usbd_control.c.o
                0x10004df0                tud_control_status
 .text.tud_control_xfer
                0x10004e1c       0xac CMakeFiles/main.dir/home/gokul/pico-sdk/lib/tinyusb/src/device/usbd_control.c.o
                0x10004e1c                tud_control_xfer
 .text.usbd_control_reset
                0x10004ec8       0x14 CMakeFiles/main.dir/home/gokul/pico-sdk/lib/tinyusb/src/device/usbd_control.c.o
                0x10004ec8                usbd_control_reset
 .text.usbd_control_set_complete_callback
                0x10004edc        0xc CMakeFiles/main.dir/home/gokul/pico-sdk/lib/tinyusb/src/device/usbd_control.c.o
                0x10004edc                usbd_control_set_complete_callback
 .text.usbd_control_set_request
                0x10004ee8       0x1c CMakeFiles/main.dir/home/gokul/pico-sdk/lib/tinyusb/src/device/usbd_control.c.o
                0x10004ee8                usbd_control_set_request
 .text.usbd_control_xfer_cb
                0x10004f04       0xec CMakeFiles/main.dir/home/gokul/pico-sdk/lib/tinyusb/src/device/usbd_control.c.o
                0x10004f04                usbd_control_xfer_cb
 .text._prep_out_transaction.isra.0
                0x10004ff0       0x6c CMakeFiles/main.dir/home/gokul/pico-sdk/lib/tinyusb/src/class/cdc/cdc_device.c.o
 .text.tud_cdc_n_connected
                0x1000505c       0x2c CMakeFiles/main.dir/home/gokul/pico-sdk/lib/tinyusb/src/class/cdc/cdc_device.c.o
                0x1000505c                tud_cdc_n_connected
 .text.tud_cdc_n_available
                0x10005088       0x14 CMakeFiles/main.dir/home/gokul/pico-sdk/lib/tinyusb/src/class/cdc/cdc_device.c.o
                0x10005088                tud_cdc_n_available
 .text.tud_cdc_n_read
                0x1000509c       0x94 CMakeFiles/main.dir/home/gokul/pico-sdk/lib/tinyusb/src/class/cdc/cdc_device.c.o
                0x1000509c                tud_cdc_n_read
 .text.tud_cdc_n_write_flush
                0x10005130       0x74 CMakeFiles/main.dir/home/gokul/pico-sdk/lib/tinyusb/src/class/cdc/cdc_device.c.o
                0x10005130                tud_cdc_n_write_flush
 .text.tud_cdc_n_write
                0x100051a4       0x40 CMakeFiles/main.dir/home/gokul/pico-sdk/lib/tinyusb/src/class/cdc/cdc_device.c.o
                0x100051a4                tud_cdc_n_write
 .text.tud_cdc_n_write_available
                0x100051e4       0x14 CMakeFiles/main.dir/home/gokul/pico-sdk/lib/tinyusb/src/class/cdc/cdc_device.c.o
                0x100051e4                tud_cdc_n_write_available
 .text.cdcd_init
                0x100051f8       0x70 CMakeFiles/main.dir/home/gokul/pico-sdk/lib/tinyusb/src/class/cdc/cdc_device.c.o
                0x100051f8                cdcd_init
 .text.cdcd_deinit
                0x10005268       0x34 CMakeFiles/main.dir/home/gokul/pico-sdk/lib/tinyusb/src/class/cdc/cdc_device.c.o
                0x10005268                cdcd_deinit
 .text.cdcd_reset
                0x1000529c       0x4c CMakeFiles/main.dir/home/gokul/pico-sdk/lib/tinyusb/src/class/cdc/cdc_device.c.o
                0x1000529c                cdcd_reset
 .text.cdcd_open
                0x100052e8       0xa8 CMakeFiles/main.dir/home/gokul/pico-sdk/lib/tinyusb/src/class/cdc/cdc_device.c.o
                0x100052e8                cdcd_open
 .text.cdcd_control_xfer_cb
                0x10005390       0xe8 CMakeFiles/main.dir/home/gokul/pico-sdk/lib/tinyusb/src/class/cdc/cdc_device.c.o
                0x10005390                cdcd_control_xfer_cb
 .text.cdcd_xfer_cb
                0x10005478      0x100 CMakeFiles/main.dir/home/gokul/pico-sdk/lib/tinyusb/src/class/cdc/cdc_device.c.o
                0x10005478                cdcd_xfer_cb
 .text.vendord_init
                0x10005578       0x5c CMakeFiles/main.dir/home/gokul/pico-sdk/lib/tinyusb/src/class/vendor/vendor_device.c.o
                0x10005578                vendord_init
 .text.vendord_deinit
                0x100055d4       0x1c CMakeFiles/main.dir/home/gokul/pico-sdk/lib/tinyusb/src/class/vendor/vendor_device.c.o
                0x100055d4                vendord_deinit
 .text.vendord_reset
                0x100055f0       0x28 CMakeFiles/main.dir/home/gokul/pico-sdk/lib/tinyusb/src/class/vendor/vendor_device.c.o
                0x100055f0                vendord_reset
 .text.vendord_open
                0x10005618      0x128 CMakeFiles/main.dir/home/gokul/pico-sdk/lib/tinyusb/src/class/vendor/vendor_device.c.o
                0x10005618                vendord_open
 .text.vendord_xfer_cb
                0x10005740       0x9c CMakeFiles/main.dir/home/gokul/pico-sdk/lib/tinyusb/src/class/vendor/vendor_device.c.o
                0x10005740                vendord_xfer_cb
 .text.tusb_rhport_init
                0x100057dc       0x48 CMakeFiles/main.dir/home/gokul/pico-sdk/lib/tinyusb/src/tusb.c.o
                0x100057dc                tusb_rhport_init
 .text.tu_edpt_claim
                0x10005824       0x50 CMakeFiles/main.dir/home/gokul/pico-sdk/lib/tinyusb/src/tusb.c.o
                0x10005824                tu_edpt_claim
 .text.tu_edpt_release
                0x10005874       0x38 CMakeFiles/main.dir/home/gokul/pico-sdk/lib/tinyusb/src/tusb.c.o
                0x10005874                tu_edpt_release
 .text.tu_edpt_validate
                0x100058ac       0x7c CMakeFiles/main.dir/home/gokul/pico-sdk/lib/tinyusb/src/tusb.c.o
                0x100058ac                tu_edpt_validate
 .text.tu_edpt_bind_driver
                0x10005928       0x34 CMakeFiles/main.dir/home/gokul/pico-sdk/lib/tinyusb/src/tusb.c.o
                0x10005928                tu_edpt_bind_driver
 .text.tu_edpt_stream_init
                0x1000595c       0x6c CMakeFiles/main.dir/home/gokul/pico-sdk/lib/tinyusb/src/tusb.c.o
                0x1000595c                tu_edpt_stream_init
 .text.tu_edpt_stream_deinit
                0x100059c8        0x4 CMakeFiles/main.dir/home/gokul/pico-sdk/lib/tinyusb/src/tusb.c.o
                0x100059c8                tu_edpt_stream_deinit
 .text.tu_edpt_stream_write_zlp_if_needed
                0x100059cc       0x68 CMakeFiles/main.dir/home/gokul/pico-sdk/lib/tinyusb/src/tusb.c.o
                0x100059cc                tu_edpt_stream_write_zlp_if_needed
 .text.tu_edpt_stream_write_xfer
                0x10005a34       0x64 CMakeFiles/main.dir/home/gokul/pico-sdk/lib/tinyusb/src/tusb.c.o
                0x10005a34                tu_edpt_stream_write_xfer
 .text.tu_edpt_stream_read_xfer
                0x10005a98       0xdc CMakeFiles/main.dir/home/gokul/pico-sdk/lib/tinyusb/src/tusb.c.o
                0x10005a98                tu_edpt_stream_read_xfer
 .text.tu_fifo_config
                0x10005b74       0x6c CMakeFiles/main.dir/home/gokul/pico-sdk/lib/tinyusb/src/common/tusb_fifo.c.o
                0x10005b74                tu_fifo_config
 .text.tu_fifo_count
                0x10005be0       0x2c CMakeFiles/main.dir/home/gokul/pico-sdk/lib/tinyusb/src/common/tusb_fifo.c.o
                0x10005be0                tu_fifo_count
 .text.tu_fifo_empty
                0x10005c0c       0x10 CMakeFiles/main.dir/home/gokul/pico-sdk/lib/tinyusb/src/common/tusb_fifo.c.o
                0x10005c0c                tu_fifo_empty
 .text.tu_fifo_remaining
                0x10005c1c       0x2c CMakeFiles/main.dir/home/gokul/pico-sdk/lib/tinyusb/src/common/tusb_fifo.c.o
                0x10005c1c                tu_fifo_remaining
 .text.tu_fifo_read
                0x10005c48       0x9c CMakeFiles/main.dir/home/gokul/pico-sdk/lib/tinyusb/src/common/tusb_fifo.c.o
                0x10005c48                tu_fifo_read
 .text.tu_fifo_read_n
                0x10005ce4       0xe8 CMakeFiles/main.dir/home/gokul/pico-sdk/lib/tinyusb/src/common/tusb_fifo.c.o
                0x10005ce4                tu_fifo_read_n
 .text.tu_fifo_write
                0x10005dcc       0xa8 CMakeFiles/main.dir/home/gokul/pico-sdk/lib/tinyusb/src/common/tusb_fifo.c.o
                0x10005dcc                tu_fifo_write
 .text.tu_fifo_write_n
                0x10005e74      0x178 CMakeFiles/main.dir/home/gokul/pico-sdk/lib/tinyusb/src/common/tusb_fifo.c.o
                0x10005e74                tu_fifo_write_n
 .text.tu_fifo_clear
                0x10005fec       0x40 CMakeFiles/main.dir/home/gokul/pico-sdk/lib/tinyusb/src/common/tusb_fifo.c.o
                0x10005fec                tu_fifo_clear
 .text.tu_fifo_set_overwritable
                0x1000602c       0x48 CMakeFiles/main.dir/home/gokul/pico-sdk/lib/tinyusb/src/common/tusb_fifo.c.o
                0x1000602c                tu_fifo_set_overwritable
 .text.exception_set_exclusive_handler
                0x10006074       0x48 CMakeFiles/main.dir/home/gokul/pico-sdk/src/rp2_common/hardware_exception/exception.c.o
                0x10006074                exception_set_exclusive_handler
 .text          0x100060bc      0x5b4 /usr/lib/gcc/arm-none-eabi/13.2.1/../../../arm-none-eabi/lib/thumb/v6-m/nofp/libg.a(libc_a-mallocr.o)
                0x100060bc                _malloc_r
 .text          0x10006670      0x288 /usr/lib/gcc/arm-none-eabi/13.2.1/../../../arm-none-eabi/lib/thumb/v6-m/nofp/libg.a(libc_a-freer.o)
                0x10006670                _malloc_trim_r
                0x10006724                _free_r
 .text          0x100068f8       0x28 /usr/lib/gcc/arm-none-eabi/13.2.1/../../../arm-none-eabi/lib/thumb/v6-m/nofp/libg.a(libc_a-malloc.o)
                0x100068f8                malloc
                0x1000690c                free
 .text          0x10006920       0x1c /usr/lib/gcc/arm-none-eabi/13.2.1/../../../arm-none-eabi/lib/thumb/v6-m/nofp/libg.a(libc_a-sysconf.o)
                0x10006920                sysconf
 .text          0x1000693c        0x8 /usr/lib/gcc/arm-none-eabi/13.2.1/../../../arm-none-eabi/lib/thumb/v6-m/nofp/libg.a(libc_a-mlock.o)
                0x1000693c                __malloc_lock
                0x10006940                __malloc_unlock
 .text          0x10006944       0x10 /usr/lib/gcc/arm-none-eabi/13.2.1/../../../arm-none-eabi/lib/thumb/v6-m/nofp/libg.a(libc_a-atexit.o)
                0x10006944                atexit
 .text          0x10006954       0x5c /usr/lib/gcc/arm-none-eabi/13.2.1/../../../arm-none-eabi/lib/thumb/v6-m/nofp/libg.a(libc_a-strlen-stub.o)
                0x10006954                strlen
 .text          0x100069b0       0x24 /usr/lib/gcc/arm-none-eabi/13.2.1/../../../arm-none-eabi/lib/thumb/v6-m/nofp/libg.a(libc_a-sbrkr.o)
                0x100069b0                _sbrk_r
 .text          0x100069d4       0x28 /usr/lib/gcc/arm-none-eabi/13.2.1/../../../arm-none-eabi/lib/thumb/v6-m/nofp/libg.a(libc_a-fini.o)
                0x100069d4                __libc_fini_array
 .text          0x100069fc        0xc /usr/lib/gcc/arm-none-eabi/13.2.1/../../../arm-none-eabi/lib/thumb/v6-m/nofp/libg.a(libc_a-errno.o)
                0x100069fc                __errno
 .text          0x10006a08       0x78 /usr/lib/gcc/arm-none-eabi/13.2.1/../../../arm-none-eabi/lib/thumb/v6-m/nofp/libg.a(libc_a-__atexit.o)
                0x10006a08                __register_exitproc
 .text.startup  0x10006a80       0x18 /usr/lib/gcc/arm-none-eabi/13.2.1/../../../arm-none-eabi/lib/thumb/v6-m/nofp/libg.a(libc_a-__call_atexit.o)
 *(.fini)
 .fini          0x10006a98        0x4 /usr/lib/gcc/arm-none-eabi/13.2.1/thumb/v6-m/nofp/crti.o
                0x10006a98                _fini
 *fill*         0x10006a9c        0x4 
 .fini.__stub   0x10006aa0       0xb0 linker stubs
 *crtbegin.o(.ctors)
 *crtbegin?.o(.ctors)
 *(EXCLUDE_FILE(*crtend.o *crtend?.o) .ctors)
 *(SORT_BY_NAME(.ctors.*))
 *(.ctors)
 *crtbegin.o(.dtors)
 *crtbegin?.o(.dtors)
 *(EXCLUDE_FILE(*crtend.o *crtend?.o) .dtors)
 *(SORT_BY_NAME(.dtors.*))
 *(.dtors)
                0x10006b50                        . = ALIGN (0x4)
                0x10006b50                        PROVIDE (__preinit_array_start = .)
 *(SORT_BY_NAME(.preinit_array.*))
 .preinit_array.00100
                0x10006b50        0x4 CMakeFiles/main.dir/home/gokul/pico-sdk/src/rp2_common/pico_runtime_init/runtime_init.c.o
                0x10006b50                __pre_init_runtime_init_early_resets
 .preinit_array.00101
                0x10006b54        0x4 CMakeFiles/main.dir/home/gokul/pico-sdk/src/rp2_common/pico_runtime_init/runtime_init.c.o
                0x10006b54                __pre_init_runtime_init_usb_power_down
 .preinit_array.00275
                0x10006b58        0x4 CMakeFiles/main.dir/home/gokul/pico-sdk/src/rp2_common/pico_bit_ops/bit_ops_aeabi.S.o
 .preinit_array.00300
                0x10006b5c        0x4 CMakeFiles/main.dir/home/gokul/pico-sdk/src/rp2_common/pico_mem_ops/mem_ops_aeabi.S.o
 .preinit_array.00350
                0x10006b60        0x4 CMakeFiles/main.dir/home/gokul/pico-sdk/src/rp2_common/pico_double/double_aeabi_rp2040.S.o
 .preinit_array.00350
                0x10006b64        0x4 CMakeFiles/main.dir/home/gokul/pico-sdk/src/rp2_common/pico_float/float_aeabi_rp2040.S.o
 .preinit_array.00500
                0x10006b68        0x4 CMakeFiles/main.dir/home/gokul/pico-sdk/src/rp2_common/pico_runtime_init/runtime_init.c.o
                0x10006b68                __pre_init_runtime_init_clocks
 .preinit_array.00600
                0x10006b6c        0x4 CMakeFiles/main.dir/home/gokul/pico-sdk/src/rp2_common/pico_runtime_init/runtime_init.c.o
                0x10006b6c                __pre_init_runtime_init_post_clock_resets
 .preinit_array.00700
                0x10006b70        0x4 CMakeFiles/main.dir/home/gokul/pico-sdk/src/rp2_common/pico_runtime_init/runtime_init.c.o
                0x10006b70                __pre_init_runtime_init_rp2040_gpio_ie_disable
 .preinit_array.01000
                0x10006b74        0x4 CMakeFiles/main.dir/home/gokul/pico-sdk/src/rp2_common/pico_runtime_init/runtime_init.c.o
                0x10006b74                __pre_init_runtime_init_spin_locks_reset
 .preinit_array.01100
                0x10006b78        0x4 CMakeFiles/main.dir/home/gokul/pico-sdk/src/common/pico_sync/mutex.c.o
                0x10006b78                __pre_init_runtime_init_mutex
 .preinit_array.10080
                0x10006b7c        0x4 CMakeFiles/main.dir/home/gokul/pico-sdk/src/rp2_common/pico_runtime_init/runtime_init.c.o
                0x10006b7c                __pre_init_runtime_init_install_ram_vector_table
 .preinit_array.11000
                0x10006b80        0x4 CMakeFiles/main.dir/home/gokul/pico-sdk/src/common/pico_time/time.c.o
                0x10006b80                __pre_init_runtime_init_default_alarm_pool
 .preinit_array.YYYYY
                0x10006b84        0x4 CMakeFiles/main.dir/home/gokul/pico-sdk/src/rp2_common/pico_runtime/runtime.c.o
                0x10006b84                __pre_init_first_per_core_initializer
 .preinit_array.ZZZZZ.01200
                0x10006b88        0x4 CMakeFiles/main.dir/home/gokul/pico-sdk/src/rp2_common/hardware_irq/irq.c.o
                0x10006b88                __pre_init_runtime_init_per_core_irq_priorities
 *(.preinit_array)
                0x10006b8c                        PROVIDE (__preinit_array_end = .)
                0x10006b8c                        . = ALIGN (0x4)
                0x10006b8c                        PROVIDE (__init_array_start = .)
 *(SORT_BY_NAME(.init_array.*))
 .init_array.00000
                0x10006b8c        0x4 /usr/lib/gcc/arm-none-eabi/13.2.1/../../../arm-none-eabi/lib/thumb/v6-m/nofp/libg.a(libc_a-__call_atexit.o)
 .init_array.01000
                0x10006b90        0x4 CMakeFiles/main.dir/home/gokul/pico-sdk/src/rp2_common/pico_unique_id/unique_id.c.o
 *(.init_array)
 .init_array    0x10006b94        0x4 /usr/lib/gcc/arm-none-eabi/13.2.1/thumb/v6-m/nofp/crtbegin.o
                0x10006b98                        PROVIDE (__init_array_end = .)
                0x10006b98                        . = ALIGN (0x4)
                0x10006b98                        PROVIDE (__fini_array_start = .)
 *(SORT_BY_NAME(.fini_array.*))
 *(.fini_array)
                0x10006b98                        PROVIDE (__fini_array_end = .)
 *(.eh_frame*)
 .eh_frame      0x10006b98        0x0 /usr/lib/gcc/arm-none-eabi/13.2.1/thumb/v6-m/nofp/crtbegin.o
                0x10006b98                        . = ALIGN (0x4)

.glue_7         0x10006b98        0x0
 .glue_7        0x10006b98        0x0 linker stubs

.glue_7t        0x10006b98        0x0
 .glue_7t       0x10006b98        0x0 linker stubs

.vfp11_veneer   0x10006b98        0x0
 .vfp11_veneer  0x10006b98        0x0 linker stubs

.v4_bx          0x10006b98        0x0
 .v4_bx         0x10006b98        0x0 linker stubs

.iplt           0x10006b98        0x0
 .iplt          0x10006b98        0x0 /usr/lib/gcc/arm-none-eabi/13.2.1/thumb/v6-m/nofp/crtbegin.o

.rodata         0x10006b98      0x530
 *(EXCLUDE_FILE(*libm.a: *libc.a:*lib_a-mem*.o *libgcc.a:) .rodata*)
 .rodata.Task1.str1.4
                0x10006b98      0x230 CMakeFiles/main.dir/src/main.c.o
                                 0x20 (size before relaxing)
 .rodata.Task2.str1.4
                0x10006dc8       0x4e CMakeFiles/main.dir/src/main.c.o
 .rodata.main.str1.4
                0x10006dc8        0xe CMakeFiles/main.dir/src/main.c.o
 .rodata.uxTopUsedPriority
                0x10006dc8        0x4 CMakeFiles/main.dir/FreeRTOS-Kernel/tasks.c.o
 .rodata.prvTimerTask
                0x10006dcc       0x28 CMakeFiles/main.dir/FreeRTOS-Kernel/timers.c.o
 .rodata.xTimerCreateTimerTask.str1.4
                0x10006df4       0x10 CMakeFiles/main.dir/FreeRTOS-Kernel/timers.c.o
 .rodata.panic.str1.4
                0x10006df4       0x12 CMakeFiles/main.dir/home/gokul/pico-sdk/src/rp2_common/pico_platform_panic/panic.c.o
 .rodata.panic_unsupported.str1.4
                0x10006df4        0xe CMakeFiles/main.dir/home/gokul/pico-sdk/src/rp2_common/pico_platform_panic/panic.c.o
 .rodata.spin_lock_claim_unused.str1.4
                0x10006df4       0x1b CMakeFiles/main.dir/home/gokul/pico-sdk/src/rp2_common/hardware_sync/sync.c.o
 .rodata.user_irq_claim_unused.str1.4
                0x10006df4       0x1b CMakeFiles/main.dir/home/gokul/pico-sdk/src/rp2_common/hardware_irq/irq.c.o
 .rodata.timer_hardware_alarm_claim.str1.4
                0x10006df4       0x22 CMakeFiles/main.dir/home/gokul/pico-sdk/src/rp2_common/hardware_timer/timer.c.o
 .rodata.hard_assertion_failure.str1.4
                0x10006df4        0xc CMakeFiles/main.dir/home/gokul/pico-sdk/src/rp2_common/pico_runtime/runtime.c.o
 .rodata.__wrap_malloc.str1.4
                0x10006df4        0xe CMakeFiles/main.dir/home/gokul/pico-sdk/src/rp2_common/pico_malloc/malloc.c.o
 .rodata.str1.4
                0x10006df4       0x3c CMakeFiles/main.dir/home/gokul/pico-sdk/src/rp2_common/pico_standard_binary_info/standard_binary_info.c.o
 .rodata.__bi_84
                0x10006df4        0xc CMakeFiles/main.dir/home/gokul/pico-sdk/src/rp2_common/pico_standard_binary_info/standard_binary_info.c.o
 .rodata.__bi_78
                0x10006e00        0xc CMakeFiles/main.dir/home/gokul/pico-sdk/src/rp2_common/pico_standard_binary_info/standard_binary_info.c.o
 .rodata.__bi_54
                0x10006e0c        0xc CMakeFiles/main.dir/home/gokul/pico-sdk/src/rp2_common/pico_standard_binary_info/standard_binary_info.c.o
 .rodata.__bi_48
                0x10006e18        0xc CMakeFiles/main.dir/home/gokul/pico-sdk/src/rp2_common/pico_standard_binary_info/standard_binary_info.c.o
 .rodata.__bi_42
                0x10006e24        0xc CMakeFiles/main.dir/home/gokul/pico-sdk/src/rp2_common/pico_standard_binary_info/standard_binary_info.c.o
 .rodata.__bi_34
                0x10006e30        0xc CMakeFiles/main.dir/home/gokul/pico-sdk/src/rp2_common/pico_standard_binary_info/standard_binary_info.c.o
 .rodata.__bi_26
                0x10006e3c        0xc CMakeFiles/main.dir/home/gokul/pico-sdk/src/rp2_common/pico_standard_binary_info/standard_binary_info.c.o
 .rodata.crlf_str.0
                0x10006e48        0x2 CMakeFiles/main.dir/home/gokul/pico-sdk/src/rp2_common/pico_stdio/stdio.c.o
 .rodata.str1.4
                0x10006e4a       0x2c CMakeFiles/main.dir/home/gokul/pico-sdk/src/rp2_common/pico_stdio_uart/stdio_uart.c.o
 *fill*         0x10006e4a        0x2 
 .rodata.__bi_45.4
                0x10006e4c        0xc CMakeFiles/main.dir/home/gokul/pico-sdk/src/rp2_common/pico_stdio_uart/stdio_uart.c.o
 .rodata.__bi_49.5
                0x10006e58        0x8 CMakeFiles/main.dir/home/gokul/pico-sdk/src/rp2_common/pico_stdio_uart/stdio_uart.c.o
 .rodata.__bi_50.6
                0x10006e60        0x8 CMakeFiles/main.dir/home/gokul/pico-sdk/src/rp2_common/pico_stdio_uart/stdio_uart.c.o
 .rodata._resetd_driver
                0x10006e68       0x20 CMakeFiles/main.dir/home/gokul/pico-sdk/src/rp2_common/pico_stdio_usb/reset_interface.c.o
 .rodata.desc_ms_os_20
                0x10006e88       0xa6 CMakeFiles/main.dir/home/gokul/pico-sdk/src/rp2_common/pico_stdio_usb/reset_interface.c.o
 *fill*         0x10006f2e        0x2 
 .rodata.desc_bos
                0x10006f30       0x21 CMakeFiles/main.dir/home/gokul/pico-sdk/src/rp2_common/pico_stdio_usb/reset_interface.c.o
                0x10006f30                desc_bos
 .rodata.str1.4
                0x10006f51       0x13 CMakeFiles/main.dir/home/gokul/pico-sdk/src/rp2_common/pico_stdio_usb/stdio_usb.c.o
 *fill*         0x10006f51        0x3 
 .rodata.__bi_202.0
                0x10006f54        0xc CMakeFiles/main.dir/home/gokul/pico-sdk/src/rp2_common/pico_stdio_usb/stdio_usb.c.o
 .rodata.str1.4
                0x10006f60       0x2a CMakeFiles/main.dir/home/gokul/pico-sdk/src/rp2_common/pico_stdio_usb/stdio_usb_descriptors.c.o
 .rodata.usbd_desc_str
                0x10006f60       0x18 CMakeFiles/main.dir/home/gokul/pico-sdk/src/rp2_common/pico_stdio_usb/stdio_usb_descriptors.c.o
 .rodata.usbd_desc_cfg
                0x10006f78       0x54 CMakeFiles/main.dir/home/gokul/pico-sdk/src/rp2_common/pico_stdio_usb/stdio_usb_descriptors.c.o
 .rodata.usbd_desc_device
                0x10006fcc       0x12 CMakeFiles/main.dir/home/gokul/pico-sdk/src/rp2_common/pico_stdio_usb/stdio_usb_descriptors.c.o
 .rodata.str1.4
                0x10006fde       0x14 CMakeFiles/main.dir/home/gokul/pico-sdk/lib/tinyusb/src/portable/raspberrypi/rp2040/dcd_rp2040.c.o
 .rodata.str1.4
                0x10006fde       0x48 CMakeFiles/main.dir/home/gokul/pico-sdk/lib/tinyusb/src/portable/raspberrypi/rp2040/rp2040_usb.c.o
 *fill*         0x10006fde        0x2 
 .rodata.tud_task_ext
                0x10006fe0       0x8c CMakeFiles/main.dir/home/gokul/pico-sdk/lib/tinyusb/src/device/usbd.c.o
 .rodata        0x1000706c       0x1c CMakeFiles/main.dir/home/gokul/pico-sdk/lib/tinyusb/src/device/usbd.c.o
 .rodata._usbd_driver
                0x10007088       0x40 CMakeFiles/main.dir/home/gokul/pico-sdk/lib/tinyusb/src/device/usbd.c.o
                0x100070c8                        . = ALIGN (0x4)
 *(SORT_BY_ALIGNMENT(SORT_BY_NAME(.flashdata*)))
                0x100070c8                        . = ALIGN (0x4)

.ARM.extab
 *(.ARM.extab* .gnu.linkonce.armextab.*)
                0x100070c8                        __exidx_start = .

.ARM.exidx
 *(.ARM.exidx* .gnu.linkonce.armexidx.*)
                0x100070c8                        __exidx_end = .
                0x100070c8                        . = ALIGN (0x4)
                0x100070c8                        __binary_info_start = .

.binary_info    0x100070c8       0x2c
 *(.binary_info.keep.*)
 .binary_info.keep.__bi_ptr84
                0x100070c8        0x4 CMakeFiles/main.dir/home/gokul/pico-sdk/src/rp2_common/pico_standard_binary_info/standard_binary_info.c.o
 .binary_info.keep.__bi_ptr78
                0x100070cc        0x4 CMakeFiles/main.dir/home/gokul/pico-sdk/src/rp2_common/pico_standard_binary_info/standard_binary_info.c.o
 .binary_info.keep.__bi_ptr54
                0x100070d0        0x4 CMakeFiles/main.dir/home/gokul/pico-sdk/src/rp2_common/pico_standard_binary_info/standard_binary_info.c.o
 .binary_info.keep.__bi_ptr48
                0x100070d4        0x4 CMakeFiles/main.dir/home/gokul/pico-sdk/src/rp2_common/pico_standard_binary_info/standard_binary_info.c.o
 .binary_info.keep.__bi_ptr42
                0x100070d8        0x4 CMakeFiles/main.dir/home/gokul/pico-sdk/src/rp2_common/pico_standard_binary_info/standard_binary_info.c.o
 .binary_info.keep.__bi_ptr34
                0x100070dc        0x4 CMakeFiles/main.dir/home/gokul/pico-sdk/src/rp2_common/pico_standard_binary_info/standard_binary_info.c.o
 .binary_info.keep.__bi_ptr26
                0x100070e0        0x4 CMakeFiles/main.dir/home/gokul/pico-sdk/src/rp2_common/pico_standard_binary_info/standard_binary_info.c.o
 *(.binary_info.*)
 .binary_info.__bi_ptr50
                0x100070e4        0x4 CMakeFiles/main.dir/home/gokul/pico-sdk/src/rp2_common/pico_stdio_uart/stdio_uart.c.o
 .binary_info.__bi_ptr49
                0x100070e8        0x4 CMakeFiles/main.dir/home/gokul/pico-sdk/src/rp2_common/pico_stdio_uart/stdio_uart.c.o
 .binary_info.__bi_ptr45
                0x100070ec        0x4 CMakeFiles/main.dir/home/gokul/pico-sdk/src/rp2_common/pico_stdio_uart/stdio_uart.c.o
 .binary_info.__bi_ptr202
                0x100070f0        0x4 CMakeFiles/main.dir/home/gokul/pico-sdk/src/rp2_common/pico_stdio_usb/stdio_usb.c.o
                0x100070f4                        __binary_info_end = .
                0x100070f4                        . = ALIGN (0x4)

.ram_vector_table
                0x20000000       0xc0
 *(.ram_vector_table)
 .ram_vector_table
                0x20000000       0xc0 CMakeFiles/main.dir/home/gokul/pico-sdk/src/rp2_common/pico_runtime_init/runtime_init.c.o
                0x20000000                ram_vector_table

.uninitialized_data
                0x200000c0        0x0
                0x200000c0                        . = ALIGN (0x4)
 *(.uninitialized_data*)

.data           0x200000c0     0x1500 load address 0x100070f4
                0x200000c0                        __data_start__ = .
 *(vtable)
 *(.time_critical*)
 .time_critical.mutex_try_enter
                0x200000c0       0x40 CMakeFiles/main.dir/home/gokul/pico-sdk/src/common/pico_sync/mutex.c.o
                0x200000c0                mutex_try_enter
 .time_critical.mutex_try_enter_block_until
                0x20000100       0x9c CMakeFiles/main.dir/home/gokul/pico-sdk/src/common/pico_sync/mutex.c.o
                0x20000100                mutex_try_enter_block_until
 .time_critical.mutex_enter_timeout_ms
                0x2000019c       0x90 CMakeFiles/main.dir/home/gokul/pico-sdk/src/common/pico_sync/mutex.c.o
                0x2000019c                mutex_enter_timeout_ms
 .time_critical.mutex_exit
                0x2000022c       0x28 CMakeFiles/main.dir/home/gokul/pico-sdk/src/common/pico_sync/mutex.c.o
                0x2000022c                mutex_exit
 .time_critical.flash_init_boot2_copyout
                0x20000254       0x30 CMakeFiles/main.dir/home/gokul/pico-sdk/src/rp2_common/hardware_flash/flash.c.o
 .time_critical.flash_enable_xip_via_boot2
                0x20000284        0xc CMakeFiles/main.dir/home/gokul/pico-sdk/src/rp2_common/hardware_flash/flash.c.o
 .time_critical.flash_save_hardware_state
                0x20000290       0x20 CMakeFiles/main.dir/home/gokul/pico-sdk/src/rp2_common/hardware_flash/flash.c.o
 .time_critical.flash_restore_hardware_state
                0x200002b0       0x20 CMakeFiles/main.dir/home/gokul/pico-sdk/src/rp2_common/hardware_flash/flash.c.o
 .time_critical.flash_cs_force
                0x200002d0       0x38 CMakeFiles/main.dir/home/gokul/pico-sdk/src/rp2_common/hardware_flash/flash.c.o
 .time_critical.flash_do_cmd
                0x20000308       0xd0 CMakeFiles/main.dir/home/gokul/pico-sdk/src/rp2_common/hardware_flash/flash.c.o
                0x20000308                flash_do_cmd
 .time_critical.reset_non_control_endpoints
                0x200003d8       0x68 CMakeFiles/main.dir/home/gokul/pico-sdk/lib/tinyusb/src/portable/raspberrypi/rp2040/dcd_rp2040.c.o
 .time_critical.hw_handle_buff_status
                0x20000440       0xa0 CMakeFiles/main.dir/home/gokul/pico-sdk/lib/tinyusb/src/portable/raspberrypi/rp2040/dcd_rp2040.c.o
 .time_critical.dcd_rp2040_irq
                0x200004e0      0x544 CMakeFiles/main.dir/home/gokul/pico-sdk/lib/tinyusb/src/portable/raspberrypi/rp2040/dcd_rp2040.c.o
 .time_critical.prepare_ep_buffer
                0x20000a24       0xe0 CMakeFiles/main.dir/home/gokul/pico-sdk/lib/tinyusb/src/portable/raspberrypi/rp2040/rp2040_usb.c.o
 .time_critical.sync_ep_buffer
                0x20000b04       0xa8 CMakeFiles/main.dir/home/gokul/pico-sdk/lib/tinyusb/src/portable/raspberrypi/rp2040/rp2040_usb.c.o
 .time_critical._hw_endpoint_xfer_sync
                0x20000bac       0x28 CMakeFiles/main.dir/home/gokul/pico-sdk/lib/tinyusb/src/portable/raspberrypi/rp2040/rp2040_usb.c.o
 .time_critical.e15_is_bulkin_ep
                0x20000bd4       0x28 CMakeFiles/main.dir/home/gokul/pico-sdk/lib/tinyusb/src/portable/raspberrypi/rp2040/rp2040_usb.c.o
 .time_critical.e15_is_critical_frame_period
                0x20000bfc       0x34 CMakeFiles/main.dir/home/gokul/pico-sdk/lib/tinyusb/src/portable/raspberrypi/rp2040/rp2040_usb.c.o
 .time_critical.hw_endpoint_reset_transfer
                0x20000c30        0xc CMakeFiles/main.dir/home/gokul/pico-sdk/lib/tinyusb/src/portable/raspberrypi/rp2040/rp2040_usb.c.o
                0x20000c30                hw_endpoint_reset_transfer
 .time_critical._hw_endpoint_buffer_control_update32
                0x20000c3c       0x50 CMakeFiles/main.dir/home/gokul/pico-sdk/lib/tinyusb/src/portable/raspberrypi/rp2040/rp2040_usb.c.o
                0x20000c3c                _hw_endpoint_buffer_control_update32
 .time_critical.hw_endpoint_start_next_buffer
                0x20000c8c       0x6c CMakeFiles/main.dir/home/gokul/pico-sdk/lib/tinyusb/src/portable/raspberrypi/rp2040/rp2040_usb.c.o
                0x20000c8c                hw_endpoint_start_next_buffer
 .time_critical.hw_endpoint_xfer_continue
                0x20000cf8       0x40 CMakeFiles/main.dir/home/gokul/pico-sdk/lib/tinyusb/src/portable/raspberrypi/rp2040/rp2040_usb.c.o
                0x20000cf8                hw_endpoint_xfer_continue
 .time_critical.tinyusb
                0x20000d38      0x1e4 CMakeFiles/main.dir/home/gokul/pico-sdk/lib/tinyusb/src/device/usbd.c.o
                0x20000d38                dcd_event_handler
 *(.text*)
 .text          0x20000f1c        0x4 /usr/lib/gcc/arm-none-eabi/13.2.1/thumb/v6-m/nofp/libgcc.a(_dvmd_tls.o)
                0x20000f1c                __aeabi_ldiv0
                0x20000f1c                __aeabi_idiv0
 .text.__stub   0x20000f20       0x80 linker stubs
                0x20000fa0                        . = ALIGN (0x4)
 *(.rodata*)
                0x20000fa0                        . = ALIGN (0x4)
 *(.data*)
 .data.striped_spin_lock_num
                0x20000fa0        0x1 CMakeFiles/main.dir/home/gokul/pico-sdk/src/rp2_common/hardware_sync/sync.c.o
 *fill*         0x20000fa1        0x3 
 .data          0x20000fa4       0x48 CMakeFiles/main.dir/home/gokul/pico-sdk/src/rp2_common/hardware_irq/irq_handler_chain.S.o
                0x20000fa4                irq_handler_chain_slots
                0x20000fd4                irq_handler_chain_first_slot
                0x20000fde                irq_handler_chain_remove_tail
 .data.default_alarm_pool
                0x20000fec       0x18 CMakeFiles/main.dir/home/gokul/pico-sdk/src/common/pico_time/time.c.o
 *fill*         0x20001004        0xc 
 .data.aeabi_bits_funcs
                0x20001010       0x10 CMakeFiles/main.dir/home/gokul/pico-sdk/src/rp2_common/pico_bit_ops/bit_ops_aeabi.S.o
                0x20001010                aeabi_bits_funcs
                0x20001020                aeabi_bits_funcs_end
 .data.aeabi_mem_funcs
                0x20001020       0x10 CMakeFiles/main.dir/home/gokul/pico-sdk/src/rp2_common/pico_mem_ops/mem_ops_aeabi.S.o
                0x20001020                aeabi_mem_funcs
                0x20001030                aeabi_mem_funcs_end
 .data.stdio_uart
                0x20001030       0x18 CMakeFiles/main.dir/home/gokul/pico-sdk/src/rp2_common/pico_stdio_uart/stdio_uart.c.o
                0x20001030                stdio_uart
 .data.stdio_usb
                0x20001048       0x18 CMakeFiles/main.dir/home/gokul/pico-sdk/src/rp2_common/pico_stdio_usb/stdio_usb.c.o
                0x20001048                stdio_usb
 .data._usbd_qdef
                0x20001060       0x1c CMakeFiles/main.dir/home/gokul/pico-sdk/lib/tinyusb/src/device/usbd.c.o
                0x20001060                _usbd_qdef
 .data._usbd_rhport
                0x2000107c        0x1 CMakeFiles/main.dir/home/gokul/pico-sdk/lib/tinyusb/src/device/usbd.c.o
 *fill*         0x2000107d        0x3 
 .data          0x20001080      0x128 /usr/lib/gcc/arm-none-eabi/13.2.1/../../../arm-none-eabi/lib/thumb/v6-m/nofp/libg.a(libc_a-impure.o)
                0x20001080                _impure_ptr
                0x20001088                _impure_data
 .data          0x200011a8      0x410 /usr/lib/gcc/arm-none-eabi/13.2.1/../../../arm-none-eabi/lib/thumb/v6-m/nofp/libg.a(libc_a-mallocr.o)
                0x200011a8                __malloc_sbrk_base
                0x200011ac                __malloc_trim_threshold
                0x200011b0                __malloc_av_
                0x200015b8                        . = ALIGN (0x4)
 *(.after_data.*)
                0x200015b8                        . = ALIGN (0x4)
                0x200015b8                        PROVIDE (__mutex_array_start = .)
 *(SORT_BY_NAME(.mutex_array.*))
 *(.mutex_array)
 .mutex_array   0x200015b8        0x8 CMakeFiles/main.dir/home/gokul/pico-sdk/src/rp2_common/pico_stdio/stdio.c.o
                0x200015c0                        PROVIDE (__mutex_array_end = .)
                0x200015c0                        . = ALIGN (0x4)
 *(.jcr)
                0x200015c0                        . = ALIGN (0x4)

.tm_clone_table
                0x200015c0        0x0 load address 0x100085f4
 .tm_clone_table
                0x200015c0        0x0 /usr/lib/gcc/arm-none-eabi/13.2.1/thumb/v6-m/nofp/crtbegin.o
 .tm_clone_table
                0x200015c0        0x0 /usr/lib/gcc/arm-none-eabi/13.2.1/thumb/v6-m/nofp/crtend.o

.igot.plt       0x200015c0        0x0 load address 0x100085f4
 .igot.plt      0x200015c0        0x0 /usr/lib/gcc/arm-none-eabi/13.2.1/thumb/v6-m/nofp/crtbegin.o

.tdata          0x200015c0        0x0 load address 0x100085f4
                0x200015c0                        . = ALIGN (0x4)
 *(.tdata .tdata.* .gnu.linkonce.td.*)
                0x200015c0                        __tdata_end = .
                0x200015c0                        PROVIDE (__data_end__ = .)
                0x100070f4                        __etext = LOADADDR (.data)

.tbss           0x200015c0        0x0 load address 0x100085f4
                0x200015c0                        . = ALIGN (0x4)
                0x200015c0                        __bss_start__ = .
                0x200015c0                        __tls_base = .
 *(.tbss .tbss.* .gnu.linkonce.tb.*)
 *(.tcommon)
                0x200015c0                        __tls_end = .

.bss            0x200015c0     0x13b4 load address 0x100085f4
                0x200015c0                        . = ALIGN (0x4)
                0x200015c0                        __tbss_end = .
 *(SORT_BY_ALIGNMENT(SORT_BY_NAME(.bss*)))
 .bss.default_alarm_pool_entries
                0x200015c0      0x180 CMakeFiles/main.dir/home/gokul/pico-sdk/src/common/pico_time/time.c.o
 .bss.last_avail_time.1
                0x20001740        0x8 CMakeFiles/main.dir/home/gokul/pico-sdk/src/rp2_common/pico_stdio_usb/stdio_usb.c.o
 .bss.sd_table  0x20001748      0x100 CMakeFiles/main.dir/home/gokul/pico-sdk/src/rp2_common/pico_double/double_init_rom_rp2040.c.o
                0x20001748                sd_table
 .bss.sf_table  0x20001848      0x100 CMakeFiles/main.dir/home/gokul/pico-sdk/src/rp2_common/pico_float/float_init_rom_rp2040.c.o
                0x20001848                sf_table
 .bss.xQueueRegistry
                0x20001948       0x50 CMakeFiles/main.dir/FreeRTOS-Kernel/queue.c.o
                0x20001948                xQueueRegistry
 .bss           0x20001998       0x1c /usr/lib/gcc/arm-none-eabi/13.2.1/thumb/v6-m/nofp/crtbegin.o
 .bss           0x200019b4       0x34 /usr/lib/gcc/arm-none-eabi/13.2.1/../../../arm-none-eabi/lib/thumb/v6-m/nofp/libg.a(libc_a-mallocr.o)
                0x200019b4                __malloc_top_pad
                0x200019b8                __malloc_current_mallinfo
                0x200019e0                __malloc_max_sbrked_mem
                0x200019e4                __malloc_max_total_mem
 .bss           0x200019e8      0x13c /usr/lib/gcc/arm-none-eabi/13.2.1/../../../arm-none-eabi/lib/thumb/v6-m/nofp/libg.a(libc_a-findfp.o)
                0x200019e8                __stdio_exit_handler
                0x200019ec                __sf
 .bss           0x20001b24        0x4 /usr/lib/gcc/arm-none-eabi/13.2.1/../../../arm-none-eabi/lib/thumb/v6-m/nofp/libg.a(libc_a-reent.o)
                0x20001b24                errno
 .bss           0x20001b28      0x190 /usr/lib/gcc/arm-none-eabi/13.2.1/../../../arm-none-eabi/lib/thumb/v6-m/nofp/libg.a(libc_a-__atexit.o)
                0x20001b28                __atexit0
 .bss           0x20001cb8        0x4 /usr/lib/gcc/arm-none-eabi/13.2.1/../../../arm-none-eabi/lib/thumb/v6-m/nofp/libg.a(libc_a-__call_atexit.o)
                0x20001cb8                __atexit
 .bss._app_driver
                0x20001cbc        0x4 CMakeFiles/main.dir/home/gokul/pico-sdk/lib/tinyusb/src/device/usbd.c.o
 .bss._cdcd_epbuf
                0x20001cc0       0x80 CMakeFiles/main.dir/home/gokul/pico-sdk/lib/tinyusb/src/class/cdc/cdc_device.c.o
 .bss._cdcd_fifo_cfg
                0x20001d40        0x1 CMakeFiles/main.dir/home/gokul/pico-sdk/lib/tinyusb/src/class/cdc/cdc_device.c.o
 *fill*         0x20001d41        0x3 
 .bss._cdcd_itf
                0x20001d44       0xc8 CMakeFiles/main.dir/home/gokul/pico-sdk/lib/tinyusb/src/class/cdc/cdc_device.c.o
 .bss._ctrl_epbuf
                0x20001e0c       0x40 CMakeFiles/main.dir/home/gokul/pico-sdk/lib/tinyusb/src/device/usbd_control.c.o
 .bss._ctrl_xfer
                0x20001e4c       0x14 CMakeFiles/main.dir/home/gokul/pico-sdk/lib/tinyusb/src/device/usbd_control.c.o
 .bss._tusb_rhport_role
                0x20001e60        0x2 CMakeFiles/main.dir/home/gokul/pico-sdk/lib/tinyusb/src/tusb.c.o
                0x20001e60                _tusb_rhport_role
 *fill*         0x20001e62        0x2 
 .bss._ubsd_mutexdef
                0x20001e64        0x8 CMakeFiles/main.dir/home/gokul/pico-sdk/lib/tinyusb/src/device/usbd.c.o
 .bss._usbd_dev
                0x20001e6c       0x54 CMakeFiles/main.dir/home/gokul/pico-sdk/lib/tinyusb/src/device/usbd.c.o
 .bss._usbd_mutex
                0x20001ec0        0x4 CMakeFiles/main.dir/home/gokul/pico-sdk/lib/tinyusb/src/device/usbd.c.o
 .bss._usbd_q   0x20001ec4        0x4 CMakeFiles/main.dir/home/gokul/pico-sdk/lib/tinyusb/src/device/usbd.c.o
 .bss._usbd_qdef_buf
                0x20001ec8       0xc0 CMakeFiles/main.dir/home/gokul/pico-sdk/lib/tinyusb/src/device/usbd.c.o
                0x20001ec8                _usbd_qdef_buf
 .bss._vendord_epbuf
                0x20001f88       0x80 CMakeFiles/main.dir/home/gokul/pico-sdk/lib/tinyusb/src/class/vendor/vendor_device.c.o
 .bss._vendord_itf
                0x20002008      0x24c CMakeFiles/main.dir/home/gokul/pico-sdk/lib/tinyusb/src/class/vendor/vendor_device.c.o
 .bss.boot2_copyout
                0x20002254      0x100 CMakeFiles/main.dir/home/gokul/pico-sdk/src/rp2_common/hardware_flash/flash.c.o
 .bss.chars_available_callback
                0x20002354        0x4 CMakeFiles/main.dir/home/gokul/pico-sdk/src/rp2_common/pico_stdio_uart/stdio_uart.c.o
 .bss.chars_available_callback
                0x20002358        0x4 CMakeFiles/main.dir/home/gokul/pico-sdk/src/rp2_common/pico_stdio_usb/stdio_usb.c.o
 .bss.chars_available_param
                0x2000235c        0x4 CMakeFiles/main.dir/home/gokul/pico-sdk/src/rp2_common/pico_stdio_uart/stdio_uart.c.o
 .bss.chars_available_param
                0x20002360        0x4 CMakeFiles/main.dir/home/gokul/pico-sdk/src/rp2_common/pico_stdio_usb/stdio_usb.c.o
 .bss.claimed   0x20002364        0x4 CMakeFiles/main.dir/home/gokul/pico-sdk/src/rp2_common/hardware_sync/sync.c.o
 .bss.claimed   0x20002368        0x1 CMakeFiles/main.dir/home/gokul/pico-sdk/src/rp2_common/hardware_timer/timer.c.o
 *fill*         0x20002369        0x3 
 .bss.configured_freq
                0x2000236c       0x28 CMakeFiles/main.dir/home/gokul/pico-sdk/src/rp2_common/hardware_clocks/clocks.c.o
 .bss.desc_str.0
                0x20002394       0x28 CMakeFiles/main.dir/home/gokul/pico-sdk/src/rp2_common/pico_stdio_usb/stdio_usb_descriptors.c.o
 .bss.drivers   0x200023bc        0x4 CMakeFiles/main.dir/home/gokul/pico-sdk/src/rp2_common/pico_stdio/stdio.c.o
 .bss.e15_last_sof
                0x200023c0        0x4 CMakeFiles/main.dir/home/gokul/pico-sdk/lib/tinyusb/src/portable/raspberrypi/rp2040/rp2040_usb.c.o
                0x200023c0                e15_last_sof
 .bss.filter    0x200023c4        0x4 CMakeFiles/main.dir/home/gokul/pico-sdk/src/rp2_common/pico_stdio/stdio.c.o
 .bss.heap_end.0
                0x200023c8        0x4 CMakeFiles/main.dir/home/gokul/pico-sdk/src/rp2_common/pico_clib_interface/newlib_interface.c.o
 .bss.hw_endpoints
                0x200023cc      0x400 CMakeFiles/main.dir/home/gokul/pico-sdk/lib/tinyusb/src/portable/raspberrypi/rp2040/dcd_rp2040.c.o
 .bss.lazy_vsnprintf
                0x200027cc        0x4 CMakeFiles/main.dir/home/gokul/pico-sdk/src/rp2_common/pico_printf/printf.c.o
 .bss.load_value
                0x200027d0        0x4 CMakeFiles/main.dir/home/gokul/pico-sdk/src/rp2_common/hardware_watchdog/watchdog.c.o
 .bss.next_buffer_ptr
                0x200027d4        0x4 CMakeFiles/main.dir/home/gokul/pico-sdk/lib/tinyusb/src/portable/raspberrypi/rp2040/dcd_rp2040.c.o
 .bss.one_shot_timer_crit_sec
                0x200027d8        0x8 CMakeFiles/main.dir/home/gokul/pico-sdk/src/rp2_common/pico_stdio_usb/stdio_usb.c.o
 .bss.pools     0x200027e0       0x10 CMakeFiles/main.dir/home/gokul/pico-sdk/src/common/pico_time/time.c.o
 .bss.pxCurrentTCB
                0x200027f0        0x4 CMakeFiles/main.dir/FreeRTOS-Kernel/tasks.c.o
                0x200027f0                pxCurrentTCB
 .bss.pxCurrentTimerList
                0x200027f4        0x4 CMakeFiles/main.dir/FreeRTOS-Kernel/timers.c.o
 .bss.pxDelayedTaskList
                0x200027f8        0x4 CMakeFiles/main.dir/FreeRTOS-Kernel/tasks.c.o
 .bss.pxOverflowDelayedTaskList
                0x200027fc        0x4 CMakeFiles/main.dir/FreeRTOS-Kernel/tasks.c.o
 .bss.pxOverflowTimerList
                0x20002800        0x4 CMakeFiles/main.dir/FreeRTOS-Kernel/timers.c.o
 .bss.pxReadyTasksLists
                0x20002804       0x64 CMakeFiles/main.dir/FreeRTOS-Kernel/tasks.c.o
 .bss.retrieved_id
                0x20002868        0x8 CMakeFiles/main.dir/home/gokul/pico-sdk/src/rp2_common/pico_unique_id/unique_id.c.o
 .bss.sf_clz_func
                0x20002870        0x4 CMakeFiles/main.dir/home/gokul/pico-sdk/src/rp2_common/pico_double/double_init_rom_rp2040.c.o
                0x20002870                sf_clz_func
 .bss.sleep_notifier
                0x20002874        0x4 CMakeFiles/main.dir/home/gokul/pico-sdk/src/common/pico_time/time.c.o
 .bss.stdio_usb_mutex
                0x20002878        0x8 CMakeFiles/main.dir/home/gokul/pico-sdk/src/rp2_common/pico_stdio_usb/stdio_usb.c.o
 .bss.uart_char_to_line_feed
                0x20002880        0x4 CMakeFiles/main.dir/home/gokul/pico-sdk/src/rp2_common/hardware_uart/uart.c.o
                0x20002880                uart_char_to_line_feed
 .bss.uart_instance
                0x20002884        0x4 CMakeFiles/main.dir/home/gokul/pico-sdk/src/rp2_common/pico_stdio_uart/stdio_uart.c.o
 .bss.usbd_serial_str
                0x20002888       0x11 CMakeFiles/main.dir/home/gokul/pico-sdk/src/rp2_common/pico_stdio_usb/stdio_usb_descriptors.c.o
 *fill*         0x20002899        0x3 
 .bss.uxCriticalNesting
                0x2000289c        0x4 CMakeFiles/main.dir/FreeRTOS-Kernel/portable/ThirdParty/GCC/RP2040/port.c.o
 .bss.uxCurrentNumberOfTasks
                0x200028a0        0x4 CMakeFiles/main.dir/FreeRTOS-Kernel/tasks.c.o
 .bss.uxDeletedTasksWaitingCleanUp
                0x200028a4        0x4 CMakeFiles/main.dir/FreeRTOS-Kernel/tasks.c.o
 .bss.uxSchedulerSuspended
                0x200028a8        0x4 CMakeFiles/main.dir/FreeRTOS-Kernel/tasks.c.o
 .bss.uxTaskNumber
                0x200028ac        0x4 CMakeFiles/main.dir/FreeRTOS-Kernel/tasks.c.o
 .bss.uxTopReadyPriority
                0x200028b0        0x4 CMakeFiles/main.dir/FreeRTOS-Kernel/tasks.c.o
 .bss.xActiveTimerList1
                0x200028b4       0x14 CMakeFiles/main.dir/FreeRTOS-Kernel/timers.c.o
 .bss.xActiveTimerList2
                0x200028c8       0x14 CMakeFiles/main.dir/FreeRTOS-Kernel/timers.c.o
 .bss.xDelayedTaskList1
                0x200028dc       0x14 CMakeFiles/main.dir/FreeRTOS-Kernel/tasks.c.o
 .bss.xDelayedTaskList2
                0x200028f0       0x14 CMakeFiles/main.dir/FreeRTOS-Kernel/tasks.c.o
 .bss.xIdleTaskHandles
                0x20002904        0x4 CMakeFiles/main.dir/FreeRTOS-Kernel/tasks.c.o
 .bss.xLastTime.0
                0x20002908        0x4 CMakeFiles/main.dir/FreeRTOS-Kernel/timers.c.o
 .bss.xNextTaskUnblockTime
                0x2000290c        0x4 CMakeFiles/main.dir/FreeRTOS-Kernel/tasks.c.o
 .bss.xNumOfOverflows
                0x20002910        0x4 CMakeFiles/main.dir/FreeRTOS-Kernel/tasks.c.o
 .bss.xPendedTicks
                0x20002914        0x4 CMakeFiles/main.dir/FreeRTOS-Kernel/tasks.c.o
 .bss.xPendingReadyList
                0x20002918       0x14 CMakeFiles/main.dir/FreeRTOS-Kernel/tasks.c.o
 .bss.xSchedulerRunning
                0x2000292c        0x4 CMakeFiles/main.dir/FreeRTOS-Kernel/tasks.c.o
 .bss.xSuspendedTaskList
                0x20002930       0x14 CMakeFiles/main.dir/FreeRTOS-Kernel/tasks.c.o
 .bss.xTasksWaitingTermination
                0x20002944       0x14 CMakeFiles/main.dir/FreeRTOS-Kernel/tasks.c.o
 .bss.xTickCount
                0x20002958        0x4 CMakeFiles/main.dir/FreeRTOS-Kernel/tasks.c.o
 .bss.xTimerQueue
                0x2000295c        0x4 CMakeFiles/main.dir/FreeRTOS-Kernel/timers.c.o
 .bss.xTimerTaskHandle
                0x20002960        0x4 CMakeFiles/main.dir/FreeRTOS-Kernel/timers.c.o
 .bss.xYieldPendings
                0x20002964        0x4 CMakeFiles/main.dir/FreeRTOS-Kernel/tasks.c.o
 .bss._app_driver_count
                0x20002968        0x1 CMakeFiles/main.dir/home/gokul/pico-sdk/lib/tinyusb/src/device/usbd.c.o
 .bss._sof_enable
                0x20002969        0x1 CMakeFiles/main.dir/home/gokul/pico-sdk/lib/tinyusb/src/portable/raspberrypi/rp2040/dcd_rp2040.c.o
 .bss._usbd_queued_setup
                0x2000296a        0x1 CMakeFiles/main.dir/home/gokul/pico-sdk/lib/tinyusb/src/device/usbd.c.o
 .bss.boot2_copyout_valid
                0x2000296b        0x1 CMakeFiles/main.dir/home/gokul/pico-sdk/src/rp2_common/hardware_flash/flash.c.o
 .bss.irq_handler_chain_free_slot_head
                0x2000296c        0x1 CMakeFiles/main.dir/home/gokul/pico-sdk/src/rp2_common/hardware_irq/irq.c.o
 .bss.itf_num   0x2000296d        0x1 CMakeFiles/main.dir/home/gokul/pico-sdk/src/rp2_common/pico_stdio_usb/reset_interface.c.o
 .bss.low_priority_irq_num
                0x2000296e        0x1 CMakeFiles/main.dir/home/gokul/pico-sdk/src/rp2_common/pico_stdio_usb/stdio_usb.c.o
 .bss.one_shot_timer_pending
                0x2000296f        0x1 CMakeFiles/main.dir/home/gokul/pico-sdk/src/rp2_common/pico_stdio_usb/stdio_usb.c.o
 .bss.user_irq_claimed
                0x20002970        0x1 CMakeFiles/main.dir/home/gokul/pico-sdk/src/rp2_common/hardware_irq/irq.c.o
 *(COMMON)
                0x20002974                        . = ALIGN (0x4)
 *fill*         0x20002971        0x3 
                0x20002974                        __bss_end__ = .

.heap           0x20002974      0x800 load address 0x100085f4
                0x20002974                        __end__ = .
                0x20002974                        end = __end__
 *(.heap*)
 .heap          0x20002974      0x800 CMakeFiles/main.dir/home/gokul/pico-sdk/src/rp2_common/pico_crt0/crt0.S.o
                0x20040000                        __HeapLimit = (ORIGIN (RAM) + LENGTH (RAM))

.scratch_x      0x20040000        0x0 load address 0x100085f4
                0x20040000                        __scratch_x_start__ = .
 *(.scratch_x.*)
                0x20040000                        . = ALIGN (0x4)
                0x20040000                        __scratch_x_end__ = .
                0x100085f4                        __scratch_x_source__ = LOADADDR (.scratch_x)

.scratch_y      0x20041000        0x0 load address 0x100085f4
                0x20041000                        __scratch_y_start__ = .
 *(.scratch_y.*)
                0x20041000                        . = ALIGN (0x4)
                0x20041000                        __scratch_y_end__ = .
                0x100085f4                        __scratch_y_source__ = LOADADDR (.scratch_y)

.stack1_dummy
 *(.stack1*)

.stack_dummy    0x20041000      0x800
 *(.stack*)
 .stack         0x20041000      0x800 CMakeFiles/main.dir/home/gokul/pico-sdk/src/rp2_common/pico_crt0/crt0.S.o

.rel.dyn        0x20041800        0x0
 .rel.iplt      0x20041800        0x0 /usr/lib/gcc/arm-none-eabi/13.2.1/thumb/v6-m/nofp/crtbegin.o

.flash_end      0x100085f4        0x0
 *(.embedded_end_block*)
                0x100085f4                        PROVIDE (__flash_binary_end = .)
                0x20040000                        __StackLimit = (ORIGIN (RAM) + LENGTH (RAM))
                0x20041000                        __StackOneTop = (ORIGIN (SCRATCH_X) + LENGTH (SCRATCH_X))
                0x20042000                        __StackTop = (ORIGIN (SCRATCH_Y) + LENGTH (SCRATCH_Y))
                0x20041000                        __StackOneBottom = (__StackOneTop - SIZEOF (.stack1_dummy))
                0x20041800                        __StackBottom = (__StackTop - SIZEOF (.stack_dummy))
                0x20042000                        PROVIDE (__stack = __StackTop)
                [!provide]                        PROVIDE (__heap_start = __end__)
                [!provide]                        PROVIDE (__heap_end = __HeapLimit)
                [!provide]                        PROVIDE (__tls_align = MAX (ALIGNOF (.tdata), ALIGNOF (.tbss)))
                [!provide]                        PROVIDE (__tls_size_align = (((__tls_size + __tls_align) - 0x1) & ~ ((__tls_align - 0x1))))
                [!provide]                        PROVIDE (__arm32_tls_tcb_offset = MAX (0x8, __tls_align))
                [!provide]                        PROVIDE (_end = __end__)
                [!provide]                        PROVIDE (__llvm_libc_heap_limit = __HeapLimit)
                0x00000001                        ASSERT ((__StackLimit >= __HeapLimit), region RAM overflowed)
                0x00000001                        ASSERT (((__binary_info_header_end - __logical_binary_start) <= 0x100), Binary info must be in first 256 bytes of the binary)
LOAD CMakeFiles/main.dir/src/main.c.o
LOAD CMakeFiles/main.dir/FreeRTOS-Kernel/event_groups.c.o
LOAD CMakeFiles/main.dir/FreeRTOS-Kernel/list.c.o
LOAD CMakeFiles/main.dir/FreeRTOS-Kernel/queue.c.o
LOAD CMakeFiles/main.dir/FreeRTOS-Kernel/stream_buffer.c.o
LOAD CMakeFiles/main.dir/FreeRTOS-Kernel/tasks.c.o
LOAD CMakeFiles/main.dir/FreeRTOS-Kernel/timers.c.o
LOAD CMakeFiles/main.dir/FreeRTOS-Kernel/portable/MemMang/heap_3.c.o
LOAD CMakeFiles/main.dir/FreeRTOS-Kernel/portable/ThirdParty/GCC/RP2040/port.c.o
LOAD CMakeFiles/main.dir/home/gokul/pico-sdk/src/rp2_common/pico_stdlib/stdlib.c.o
LOAD CMakeFiles/main.dir/home/gokul/pico-sdk/src/rp2_common/hardware_gpio/gpio.c.o
LOAD CMakeFiles/main.dir/home/gokul/pico-sdk/src/rp2040/pico_platform/platform.c.o
LOAD CMakeFiles/main.dir/home/gokul/pico-sdk/src/rp2_common/pico_platform_common/common.c.o
LOAD CMakeFiles/main.dir/home/gokul/pico-sdk/src/rp2_common/pico_platform_panic/panic.c.o
LOAD CMakeFiles/main.dir/home/gokul/pico-sdk/src/common/hardware_claim/claim.c.o
LOAD CMakeFiles/main.dir/home/gokul/pico-sdk/src/rp2_common/hardware_sync/sync.c.o
LOAD CMakeFiles/main.dir/home/gokul/pico-sdk/src/rp2_common/hardware_sync_spin_lock/sync_spin_lock.c.o
LOAD CMakeFiles/main.dir/home/gokul/pico-sdk/src/rp2_common/hardware_irq/irq.c.o
LOAD CMakeFiles/main.dir/home/gokul/pico-sdk/src/rp2_common/hardware_irq/irq_handler_chain.S.o
LOAD CMakeFiles/main.dir/home/gokul/pico-sdk/src/common/pico_sync/sem.c.o
LOAD CMakeFiles/main.dir/home/gokul/pico-sdk/src/common/pico_sync/lock_core.c.o
LOAD CMakeFiles/main.dir/home/gokul/pico-sdk/src/common/pico_sync/mutex.c.o
LOAD CMakeFiles/main.dir/home/gokul/pico-sdk/src/common/pico_sync/critical_section.c.o
LOAD CMakeFiles/main.dir/home/gokul/pico-sdk/src/common/pico_time/time.c.o
LOAD CMakeFiles/main.dir/home/gokul/pico-sdk/src/common/pico_time/timeout_helper.c.o
LOAD CMakeFiles/main.dir/home/gokul/pico-sdk/src/rp2_common/hardware_timer/timer.c.o
LOAD CMakeFiles/main.dir/home/gokul/pico-sdk/src/common/pico_util/datetime.c.o
LOAD CMakeFiles/main.dir/home/gokul/pico-sdk/src/common/pico_util/pheap.c.o
LOAD CMakeFiles/main.dir/home/gokul/pico-sdk/src/common/pico_util/queue.c.o